imports start
imports done
enabling embedding in UI settings
embedding_enabled=True
embedding_model=sentence-transformers/paraphrase-multilingual-MiniLM-L12-v2
KB=D:\AAA_Jupyter\Memoria\benchmarks\beir_scifact\kb_gold_subset
rebuild_lexical_index start
rebuild_lexical_index done
ensure_embedding_index start
embedding_index done: records=783
queries=300 qrels=300
batch range: [0, 30), batch size=30
  [0] qid=1 searching...
  [0] qid=1 results=20
  [1] qid=100 searching...
  [1] qid=100 results=20
  [2] qid=1012 searching...
  [2] qid=1012 results=20
  [3] qid=1014 searching...
  [3] qid=1014 results=20
  [4] qid=1019 searching...
  [4] qid=1019 results=20
  [5] qid=1020 searching...
  [5] qid=1020 results=20
  [6] qid=1021 searching...
  [6] qid=1021 results=20
  [7] qid=1024 searching...
  [7] qid=1024 results=20
  [8] qid=1029 searching...
  [8] qid=1029 results=20
  [9] qid=1041 searching...
  [9] qid=1041 results=20
  progress: evaluated=10, skipped=0, crashed=0, i=9
  [10] qid=1049 searching...
  [10] qid=1049 results=20
  [11] qid=1062 searching...
  [11] qid=1062 results=20
  [12] qid=1086 searching...
  [12] qid=1086 results=20
  [13] qid=1088 searching...
  [13] qid=1088 results=20
  [14] qid=1089 searching...
  [14] qid=1089 results=20
  [15] qid=1099 searching...
  [15] qid=1099 results=20
  [16] qid=1100 searching...
  [16] qid=1100 results=20
  [17] qid=1104 searching...
  [17] qid=1104 results=20
  [18] qid=1107 searching...
  [18] qid=1107 results=20
  [19] qid=1110 searching...
  [19] qid=1110 results=20
  progress: evaluated=20, skipped=0, crashed=0, i=19
  [20] qid=1121 searching...
  [20] qid=1121 results=20
  [21] qid=113 searching...
  [21] qid=113 results=20
  [22] qid=1130 searching...
  [22] qid=1130 results=20
  [23] qid=1132 searching...
  [23] qid=1132 results=20
  [24] qid=1137 searching...
  [24] qid=1137 results=20
  [25] qid=1140 searching...
  [25] qid=1140 results=20
  [26] qid=1144 searching...
  [26] qid=1144 results=20
  [27] qid=1146 searching...
  [27] qid=1146 results=20
  [28] qid=115 searching...
  [28] qid=115 results=20
  [29] qid=1150 searching...
  [29] qid=1150 results=20
  progress: evaluated=30, skipped=0, crashed=0, i=29
batch done: evaluated=30, skipped=0, crashed=0
