  reranker model: cross-encoder/ms-marco-MiniLM-L-6-v2
  r  progress: 10/300 ok=10 failed=0 skipped=0 elapsed=69s
  progress: 20/300 ok=20 failed=0 skipped=0 elapsed=119s
  progress: 30/300 ok=30 failed=0 skipped=0 elapsed=171s
  progress: 40/300 ok=40 failed=0 skipped=0 elapsed=224s
  progress: 50/300 ok=50 failed=0 skipped=0 elapsed=277s
Loaded 50 already-completed queries
Starting rerank eval: 250/300 pending (rerank enabled)
  reranker model: cross-encoder/ms-marco-MiniLM-L-6-v2
  reranker loaded OK
  progress: ok=70/300 failed=0 skipped=0 timed_out=0 elapsed=120s
  reranker model: cross-encoder/ms-marco-MiniLM-L-6-v2
  reranker loaded OK
Loaded 70 already-completed queries
Starting rerank eval: 230/300 pending (rerank enabled)
Loaded 70 already-completed queries
Starting rerank eval: 230/300 pending (rerank enabled)
  reranker model: cross-encoder/ms-marco-MiniLM-L-6-v2
  reranker loaded OK
  reranker model: cross-encoder/ms-marco-MiniLM-L-6-v2
  reranker loaded OK
  progress: ok=90/300 failed=0 skipped=0 timed_out=0 elapsed=242s
  reranker model: cross-encoder/ms-marco-MiniLM-L-6-v2
  reranker loaded OK
  progress: ok=90/300 failed=0 skipped=0 timed_out=0 elapsed=133s
Loaded 90 already-completed queries
Starting rerank eval: 210/300 pending (rerank enabled)
  reranker model: cross-encoder/ms-marco-MiniLM-L-6-v2
  reranker loaded OK
  progress: ok=110/300 failed=0 skipped=0 timed_out=0 elapsed=114s
  reranker model: cross-encoder/ms-marco-MiniLM-L-6-v2
  reranker loaded OK
  progress: ok=130/300 failed=0 skipped=0 timed_out=0 elapsed=180s
  reranker model: cross-encoder/ms-marco-MiniLM-L-6-v2
  reranker loaded OK
  progress: ok=150/300 failed=0 skipped=0 timed_out=0 elapsed=251s
  reranker model: cross-encoder/ms-marco-MiniLM-L-6-v2
  reranker loaded OK
  progress: ok=170/300 failed=0 skipped=0 timed_out=0 elapsed=345s
  reranker model: cross-encoder/ms-marco-MiniLM-L-6-v2
  reranker loaded OK
  progress: ok=190/300 failed=0 skipped=0 timed_out=0 elapsed=461s
  reranker model: cross-encoder/ms-marco-MiniLM-L-6-v2
  reranker loaded OK
  progress: ok=210/300 failed=0 skipped=0 timed_out=0 elapsed=585s
  reranker model: cross-encoder/ms-marco-MiniLM-L-6-v2
  reranker loaded OK
  progress: ok=230/300 failed=0 skipped=0 timed_out=0 elapsed=675s
  reranker model: cross-encoder/ms-marco-MiniLM-L-6-v2
  reranker loaded OK
  progress: ok=250/300 failed=0 skipped=0 timed_out=0 elapsed=783s
  reranker model: cross-encoder/ms-marco-MiniLM-L-6-v2
  reranker loaded OK
  progress: ok=270/300 failed=0 skipped=0 timed_out=0 elapsed=886s
  reranker model: cross-encoder/ms-marco-MiniLM-L-6-v2
  reranker loaded OK
  progress: ok=290/300 failed=0 skipped=0 timed_out=0 elapsed=947s
  reranker model: cross-encoder/ms-marco-MiniLM-L-6-v2
  reranker loaded OK
  progress: ok=300/300 failed=0 skipped=0 timed_out=0 elapsed=996s
=== DONE: ok=300 failed=0 skipped=0 timed_out=0 total=300 elapsed=996s ===
