[23:54:03.009] [render] currentFileDir=(root)  currentPath=remuneration.md
[23:54:03.010] [STAMP] mapped 0 blocks from 0 source lines
[23:54:03.010] [F1] rendered 1 blocks in 0.6ms
[23:54:03.010] [render] skip: already rendering → queue pending re-render
[23:54:03.037] [render] re-run queued render
[23:54:03.037] [render] currentFileDir=(root)  currentPath=remuneration.md
[23:54:03.037] [STAMP] mapped 0 blocks from 0 source lines
[23:54:03.037] [F1] rendered 1 blocks in 0.1ms
[23:54:04.053] [CTX] SRC L1 C0 [|·|]
[23:54:04.053] [CTX] PV  blk0 C0 [|·|]
[23:54:04.053] [EH] click: L1 C0 (block 0)
[23:54:12.312] [render] currentFileDir=(root)  currentPath=remuneration.md
[23:54:12.313] [STAMP] mapped 0 blocks from 0 source lines
[23:54:12.313] [F1] rendered 1 blocks in 0.1ms
[23:54:26.259] [render] currentFileDir=(root)  currentPath=remuneration.md
[23:54:26.260] [STAMP] mapped 53 blocks from 74 source lines
[23:54:26.260] [F1] rendered 53 blocks in 0.7ms
[23:54:31.624] [MAP] domToAst block=36 dom=text#(中文提示：很多技术专家因不满意@32 seg=[hit:32] renderedOffset=32 -> "text"
[23:54:31.624] [CTX] SRC L58 C32 [写作工作类话题)|·|]
[23:54:31.624] [CTX] PV  blk36 C32 [写作工作类话题)|·|]
[23:54:31.624] [EH] click: L58 C32 (block 36)
[23:55:42.341] [render] currentFileDir=(root)  currentPath=legacy.md
[23:55:42.342] [STAMP] mapped 0 blocks from 0 source lines
[23:55:42.342] [F1] rendered 1 blocks in 0.1ms
[23:55:42.342] [render] skip: already rendering → queue pending re-render
[23:55:42.346] [render] re-run queued render
[23:55:42.347] [render] currentFileDir=(root)  currentPath=legacy.md
[23:55:42.347] [STAMP] mapped 0 blocks from 0 source lines
[23:55:42.347] [F1] rendered 1 blocks in 0.0ms
[23:55:55.490] [render] currentFileDir=(root)  currentPath=legacy.md
[23:55:55.491] [STAMP] mapped 59 blocks from 82 source lines
[23:55:55.492] [F1] rendered 59 blocks in 0.5ms
[23:56:00.785] [render] currentFileDir=(root)  currentPath=legacy.md
[23:56:00.786] [STAMP] mapped 58 blocks from 81 source lines
[23:56:00.786] [F1] rendered 58 blocks in 0.6ms
[23:56:09.569] [render] currentFileDir=(root)  currentPath=legacy.md
[23:56:09.570] [STAMP] mapped 58 blocks from 81 source lines
[23:56:09.571] [F1] rendered 58 blocks in 1.1ms
[23:56:09.571] [render] skip: already rendering → queue pending re-render
[23:56:09.576] [render] re-run queued render
[23:56:09.576] [render] currentFileDir=(root)  currentPath=legacy.md
[23:56:09.577] [STAMP] mapped 58 blocks from 81 source lines
[23:56:09.578] [F1] rendered 58 blocks in 1.1ms
[23:56:09.855] [render] currentFileDir=(root)  currentPath=remuneration.md
[23:56:09.856] [STAMP] mapped 53 blocks from 74 source lines
[23:56:09.857] [F1] rendered 53 blocks in 1.1ms
[23:56:09.857] [render] skip: already rendering → queue pending re-render
[23:56:09.862] [render] re-run queued render
[23:56:09.862] [render] currentFileDir=(root)  currentPath=remuneration.md
[23:56:09.863] [STAMP] mapped 53 blocks from 74 source lines
[23:56:09.864] [F1] rendered 53 blocks in 1.2ms
[23:56:11.943] [render] currentFileDir=(root)  currentPath=legacy.md
[23:56:11.944] [STAMP] mapped 58 blocks from 81 source lines
[23:56:11.944] [F1] rendered 58 blocks in 1.1ms
[23:56:11.945] [render] skip: already rendering → queue pending re-render
[23:56:11.952] [render] re-run queued render
[23:56:11.952] [render] currentFileDir=(root)  currentPath=legacy.md
[23:56:11.952] [STAMP] mapped 58 blocks from 81 source lines
[23:56:11.953] [F1] rendered 58 blocks in 1.0ms
[08:26:40.996] [render] currentFileDir=(root)  currentPath=remuneration.md
[08:26:40.998] [STAMP] mapped 53 blocks from 74 source lines
[08:26:40.999] [F1] rendered 53 blocks in 2.6ms
[08:26:40.999] [render] skip: already rendering → queue pending re-render
[08:26:41.038] [render] re-run queued render
[08:26:41.038] [render] currentFileDir=(root)  currentPath=remuneration.md
[08:26:41.039] [STAMP] mapped 53 blocks from 74 source lines
[08:26:41.040] [F1] rendered 53 blocks in 2.1ms
[08:27:05.472] [render] currentFileDir=(root)  currentPath=remuneration.md
[08:27:05.473] [STAMP] mapped 52 blocks from 74 source lines
[08:27:05.473] [F1] rendered 52 blocks in 0.7ms
[08:27:30.983] [render] currentFileDir=(root)  currentPath=legacy.md
[08:27:30.984] [STAMP] mapped 58 blocks from 81 source lines
[08:27:30.985] [F1] rendered 58 blocks in 1.6ms
[08:27:30.985] [render] skip: already rendering → queue pending re-render
[08:27:30.993] [render] re-run queued render
[08:27:30.993] [render] currentFileDir=(root)  currentPath=legacy.md
[08:27:30.993] [STAMP] mapped 58 blocks from 81 source lines
[08:27:30.994] [F1] rendered 58 blocks in 1.0ms
[08:27:47.238] [render] currentFileDir=(root)  currentPath=remuneration.md
[08:27:47.239] [STAMP] mapped 52 blocks from 74 source lines
[08:27:47.240] [F1] rendered 52 blocks in 1.0ms
[08:27:47.240] [render] skip: already rendering → queue pending re-render
[08:27:47.246] [render] re-run queued render
[08:27:47.246] [render] currentFileDir=(root)  currentPath=remuneration.md
[08:27:47.247] [STAMP] mapped 52 blocks from 74 source lines
[08:27:47.247] [F1] rendered 52 blocks in 1.0ms
[08:28:02.591] [render] currentFileDir=(root)  currentPath=remuneration.md
[08:28:02.592] [STAMP] mapped 61 blocks from 82 source lines
[08:28:02.593] [F1] rendered 61 blocks in 0.7ms
[09:42:50.106] [render] currentFileDir=(root)  currentPath=hurl.md
[09:42:50.107] [STAMP] mapped 0 blocks from 0 source lines
[09:42:50.107] [F1] rendered 1 blocks in 0.2ms
[09:42:50.107] [render] skip: already rendering → queue pending re-render
[09:42:50.132] [render] re-run queued render
[09:42:50.132] [render] currentFileDir=(root)  currentPath=hurl.md
[09:42:50.132] [STAMP] mapped 0 blocks from 0 source lines
[09:42:50.132] [F1] rendered 1 blocks in 0.0ms
[09:42:51.462] [CTX] SRC L1 C0 [|·|]
[09:42:51.462] [CTX] PV  blk0 C0 [|·|]
[09:42:51.462] [EH] click: L1 C0 (block 0)
[09:42:59.337] [render] currentFileDir=(root)  currentPath=hurl.md
[09:42:59.339] [STAMP] mapped 68 blocks from 87 source lines
[09:42:59.339] [F1] rendered 68 blocks in 1.8ms
[09:43:06.982] [render] currentFileDir=(root)  currentPath=hurl.md
[09:43:06.984] [STAMP] mapped 68 blocks from 87 source lines
[09:43:06.984] [F1] rendered 68 blocks in 0.9ms
[09:43:29.078] [MAP] domToAst block=51 dom=text#(中文提示：网民不应当对持不同观@24 seg=[hit:24] renderedOffset=24 -> "text"
[09:43:29.078] [CTX] SRC L71 C24 [点的人恶语谩骂)|·|]
[09:43:29.078] [CTX] PV  blk51 C24 [点的人恶语谩骂)|·|]
[09:43:29.078] [EH] click: L71 C24 (block 51)
[09:43:34.725] [MAP] domToAst block=53 dom=text#Describe bad onl@85 seg=[hit:85] renderedOffset=85 -> "text"
[09:43:34.726] [CTX] SRC L73 C85 [0 words)|·|]
[09:43:34.726] [CTX] PV  blk53 C85 [0 words)|·|]
[09:43:34.726] [EH] click: L73 C85 (block 53)
[09:43:37.121] [render] currentFileDir=(root)  currentPath=legacy.md
[09:43:37.122] [STAMP] mapped 58 blocks from 81 source lines
[09:43:37.123] [F1] rendered 58 blocks in 1.1ms
[09:43:37.123] [render] skip: already rendering → queue pending re-render
[09:43:37.130] [render] re-run queued render
[09:43:37.130] [render] currentFileDir=(root)  currentPath=legacy.md
[09:43:37.130] [STAMP] mapped 58 blocks from 81 source lines
[09:43:37.131] [F1] rendered 58 blocks in 1.0ms
[09:43:48.828] [render] currentFileDir=(root)  currentPath=hurl.md
[09:43:48.829] [STAMP] mapped 68 blocks from 87 source lines
[09:43:48.829] [F1] rendered 68 blocks in 1.0ms
[09:43:48.829] [render] skip: already rendering → queue pending re-render
[09:43:48.836] [render] re-run queued render
[09:43:48.836] [render] currentFileDir=(root)  currentPath=hurl.md
[09:43:48.837] [STAMP] mapped 68 blocks from 87 source lines
[09:43:48.838] [F1] rendered 68 blocks in 1.0ms
[09:43:54.086] [render] currentFileDir=(root)  currentPath=hurl.md
[09:43:54.088] [STAMP] mapped 67 blocks from 86 source lines
[09:43:54.090] [F1] rendered 67 blocks in 2.9ms
[09:43:58.028] [render] currentFileDir=(root)  currentPath=hurl.md
[09:43:58.031] [STAMP] mapped 67 blocks from 86 source lines
[09:43:58.033] [F1] rendered 67 blocks in 3.1ms
[09:43:59.086] [render] currentFileDir=(root)  currentPath=hurl.md
[09:43:59.090] [STAMP] mapped 67 blocks from 86 source lines
[09:43:59.093] [F1] rendered 67 blocks in 4.9ms
[09:44:01.395] [render] currentFileDir=(root)  currentPath=hurl.md
[09:44:01.398] [STAMP] mapped 67 blocks from 86 source lines
[09:44:01.399] [F1] rendered 67 blocks in 3.0ms
[09:44:02.185] [render] currentFileDir=(root)  currentPath=hurl.md
[09:44:02.188] [STAMP] mapped 67 blocks from 86 source lines
[09:44:02.190] [F1] rendered 67 blocks in 3.6ms
[09:44:02.622] [render] currentFileDir=(root)  currentPath=hurl.md
[09:44:02.626] [STAMP] mapped 67 blocks from 86 source lines
[09:44:02.628] [F1] rendered 67 blocks in 3.4ms
[09:44:02.869] [render] currentFileDir=(root)  currentPath=hurl.md
[09:44:02.872] [STAMP] mapped 67 blocks from 86 source lines
[09:44:02.874] [F1] rendered 67 blocks in 3.1ms
[09:44:04.086] [render] currentFileDir=(root)  currentPath=hurl.md
[09:44:04.090] [STAMP] mapped 67 blocks from 86 source lines
[09:44:04.093] [F1] rendered 67 blocks in 4.8ms
[09:44:04.834] [render] currentFileDir=(root)  currentPath=hurl.md
[09:44:04.835] [STAMP] mapped 67 blocks from 86 source lines
[09:44:04.836] [F1] rendered 67 blocks in 1.1ms
[09:44:05.340] [render] currentFileDir=(root)  currentPath=hurl.md
[09:44:05.341] [STAMP] mapped 67 blocks from 86 source lines
[09:44:05.342] [F1] rendered 67 blocks in 1.2ms
[09:44:05.652] [render] currentFileDir=(root)  currentPath=hurl.md
[09:44:05.653] [STAMP] mapped 67 blocks from 86 source lines
[09:44:05.654] [F1] rendered 67 blocks in 1.2ms
[09:44:05.886] [render] currentFileDir=(root)  currentPath=hurl.md
[09:44:05.887] [STAMP] mapped 67 blocks from 86 source lines
[09:44:05.887] [F1] rendered 67 blocks in 1.2ms
[09:44:06.519] [render] currentFileDir=(root)  currentPath=hurl.md
[09:44:06.523] [STAMP] mapped 67 blocks from 86 source lines
[09:44:06.526] [F1] rendered 67 blocks in 4.8ms
[09:44:06.706] [render] currentFileDir=(root)  currentPath=hurl.md
[09:44:06.708] [STAMP] mapped 67 blocks from 86 source lines
[09:44:06.709] [F1] rendered 67 blocks in 2.2ms
[09:44:06.927] [render] currentFileDir=(root)  currentPath=hurl.md
[09:44:06.928] [STAMP] mapped 67 blocks from 86 source lines
[09:44:06.929] [F1] rendered 67 blocks in 1.2ms
[09:44:07.296] [render] currentFileDir=(root)  currentPath=hurl.md
[09:44:07.299] [STAMP] mapped 67 blocks from 86 source lines
[09:44:07.301] [F1] rendered 67 blocks in 3.1ms
[09:44:07.670] [render] currentFileDir=(root)  currentPath=hurl.md
[09:44:07.672] [STAMP] mapped 67 blocks from 86 source lines
[09:44:07.674] [F1] rendered 67 blocks in 2.5ms
[09:44:08.119] [render] currentFileDir=(root)  currentPath=hurl.md
[09:44:08.122] [STAMP] mapped 67 blocks from 86 source lines
[09:44:08.123] [F1] rendered 67 blocks in 3.1ms
[09:44:08.664] [render] currentFileDir=(root)  currentPath=hurl.md
[09:44:08.667] [STAMP] mapped 67 blocks from 86 source lines
[09:44:08.668] [F1] rendered 67 blocks in 2.8ms
[09:44:10.485] [render] currentFileDir=(root)  currentPath=hurl.md
[09:44:10.490] [STAMP] mapped 67 blocks from 86 source lines
[09:44:10.492] [F1] rendered 67 blocks in 4.5ms
[09:44:11.919] [render] currentFileDir=(root)  currentPath=hurl.md
[09:44:11.922] [STAMP] mapped 67 blocks from 86 source lines
[09:44:11.924] [F1] rendered 67 blocks in 3.6ms
[09:44:19.227] [render] currentFileDir=(root)  currentPath=hurl.md
[09:44:19.230] [STAMP] mapped 67 blocks from 86 source lines
[09:44:19.232] [F1] rendered 67 blocks in 3.8ms
[09:44:19.524] [render] currentFileDir=(root)  currentPath=hurl.md
[09:44:19.525] [STAMP] mapped 67 blocks from 86 source lines
[09:44:19.526] [F1] rendered 67 blocks in 1.1ms
[09:44:19.946] [render] currentFileDir=(root)  currentPath=hurl.md
[09:44:19.950] [STAMP] mapped 67 blocks from 86 source lines
[09:44:19.952] [F1] rendered 67 blocks in 3.6ms
[09:44:20.490] [render] currentFileDir=(root)  currentPath=hurl.md
[09:44:20.491] [STAMP] mapped 67 blocks from 86 source lines
[09:44:20.492] [F1] rendered 67 blocks in 1.5ms
