[14:30:49.550] [render] currentFileDir=教材/  currentPath=教材/00_封面与前言.md
[14:30:49.562] [STAMP] mapped 769 blocks from 769 source lines
[14:30:49.562] [F1] rendered 769 blocks in 8.3ms
[14:30:56.121] [render] currentFileDir=教材/  currentPath=教材/01_第1章_图形系统和模型.md
[14:30:56.129] [STAMP] mapped 678 blocks from 707 source lines
[14:30:56.131] [F1] rendered 678 blocks in 8.6ms
[14:30:56.131] [render] skip: already rendering → queue pending re-render
[14:30:56.198] [render] re-run queued render
[14:30:56.198] [render] currentFileDir=教材/  currentPath=教材/01_第1章_图形系统和模型.md
[14:30:56.204] [STAMP] mapped 678 blocks from 707 source lines
[14:30:56.206] [F1] rendered 678 blocks in 7.3ms
[14:31:28.107] [render] currentFileDir=教材/  currentPath=教材/01_第1章_图形系统和模型.md
[14:31:28.117] [STAMP] mapped 677 blocks from 706 source lines
[14:31:28.118] [F1] rendered 677 blocks in 8.8ms
[14:32:15.272] [MAP] selHighlight sel=none mathTotal=16 covered=0
[14:32:45.289] [MAP] selHighlight sel=none mathTotal=16 covered=0
[14:32:45.356] [EH] enterBlockEditMode: image block 64 line 65 attrs={}
[14:32:45.366] [MAP] selHighlight sel=none mathTotal=16 covered=0
[14:32:45.367] [CTX] SRC L65 C80 [614.jpg)|·|]
[14:32:45.367] [CTX] PV  blk64 C0 [|·|]
[14:32:45.367] [EH] click:image: L65 C80 (block 64)
[14:32:47.522] [MAP] selHighlight sel=none mathTotal=16 covered=0
[14:32:47.572] [CTX] SRC L64 C0 [|·|]
[14:32:47.572] [CTX] PV  blk63 C0 [|·|]
[14:32:47.572] [EH] click: L64 C0 (block 63)
[14:32:47.981] [MAP] selHighlight sel=none mathTotal=16 covered=0
[14:32:48.084] [EH] enterBlockEditMode: image block 62 line 63 attrs={}
[14:32:48.088] [CTX] SRC L63 C80 [4ea.jpg)|·|]
[14:32:48.088] [CTX] PV  blk62 C0 [|·|]
[14:32:48.088] [EH] click:image: L63 C80 (block 62)
[14:32:48.090] [MAP] selHighlight sel=none mathTotal=16 covered=0
[14:32:49.838] [MAP] selHighlight sel=none mathTotal=16 covered=0
[14:32:49.906] [EH] enterBlockEditMode: image block 64 line 65 attrs={}
[14:32:49.911] [CTX] SRC L65 C80 [614.jpg)|·|]
[14:32:49.911] [CTX] PV  blk64 C0 [|·|]
[14:32:49.911] [EH] click:image: L65 C80 (block 64)
[14:32:49.914] [MAP] selHighlight sel=none mathTotal=16 covered=0
[14:32:50.230] [MAP] selHighlight sel=none mathTotal=16 covered=0
[14:32:50.305] [CTX] SRC L66 C0 [|·|]
[14:32:50.305] [CTX] PV  blk65 C0 [|·|]
[14:32:50.305] [EH] click: L66 C0 (block 65)
[14:32:51.531] [CTX] SRC L66 C0 [|·|]
[14:32:51.531] [CTX] PV  blk65 C0 [|·|]
[14:32:51.531] [EH] beforeinput: L66 C0 (block 65)
[14:32:51.538] [render] currentFileDir=教材/  currentPath=教材/01_第1章_图形系统和模型.md
[14:32:51.551] [STAMP] mapped 678 blocks from 707 source lines
[14:32:51.553] [F1] rendered 678 blocks in 8.6ms
[14:32:51.656] [MAP] selHighlight sel=none mathTotal=16 covered=0
[14:32:52.316] [CTX] SRC L67 C0 [|·|]
[14:32:52.316] [CTX] PV  blk66 C0 [|·|]
[14:32:52.316] [EH] click: L67 C0 (block 66)
[14:33:00.647] [CTX] SRC L67 C0 [|·|]
[14:33:00.647] [CTX] PV  blk66 C0 [|·|]
[14:33:00.647] [EH] click: L67 C0 (block 66)
[14:33:12.437] [MAP] selHighlight sel=none mathTotal=16 covered=0
[14:33:12.514] [render] currentFileDir=教材/  currentPath=教材/01_第1章_图形系统和模型.md
[14:33:12.523] [STAMP] mapped 679 blocks from 708 source lines
[14:33:12.525] [F1] rendered 679 blocks in 8.3ms
[14:33:23.179] [MAP] selHighlight sel=none mathTotal=16 covered=0
[14:33:23.244] [EH] enterBlockEditMode: image block 67 line 68 attrs={}
[14:33:23.248] [CTX] SRC L68 C82 [)|·|]
[14:33:23.248] [CTX] PV  blk67 C25 [5_010845|·|]
[14:33:23.248] [EH] click:image: L68 C82 (block 67)
[14:33:23.256] [MAP] selHighlight sel=none mathTotal=16 covered=0
[14:33:25.364] [render] currentFileDir=教材/  currentPath=教材/01_第1章_图形系统和模型.md
[14:33:25.377] [STAMP] mapped 678 blocks from 707 source lines
[14:33:25.378] [F1] rendered 678 blocks in 7.8ms
[14:34:10.979] [MAP] selHighlight sel=none mathTotal=16 covered=0
[14:34:11.048] [CTX] SRC L67 C0 [|·|]
[14:34:11.048] [CTX] PV  blk66 C0 [|·|]
[14:34:11.048] [EH] click: L67 C0 (block 66)
[14:34:11.439] [CTX] SRC L67 C0 [|·|]
[14:34:11.439] [CTX] PV  blk66 C0 [|·|]
[14:34:11.439] [EH] click: L67 C0 (block 66)
[14:34:15.875] [MAP] selHighlight sel=none mathTotal=16 covered=0
[14:34:15.943] [render] currentFileDir=教材/  currentPath=教材/01_第1章_图形系统和模型.md
[14:34:15.952] [STAMP] mapped 679 blocks from 708 source lines
[14:34:15.954] [F1] rendered 679 blocks in 8.4ms
[14:34:22.882] [render] currentFileDir=教材/  currentPath=教材/01_第1章_图形系统和模型.md
[14:34:22.893] [STAMP] mapped 678 blocks from 707 source lines
[14:34:22.895] [F1] rendered 678 blocks in 7.6ms
[14:34:22.986] [MAP] selHighlight sel=none mathTotal=16 covered=0
[14:34:58.997] [render] currentFileDir=教材/  currentPath=教材/01_第1章_图形系统和模型.md
[14:34:59.007] [STAMP] mapped 678 blocks from 707 source lines
[14:34:59.009] [F1] rendered 678 blocks in 9.4ms
[14:34:59.009] [render] skip: already rendering → queue pending re-render
[14:34:59.040] [render] re-run queued render
[14:34:59.040] [render] currentFileDir=教材/  currentPath=教材/01_第1章_图形系统和模型.md
[14:34:59.046] [STAMP] mapped 678 blocks from 707 source lines
[14:34:59.048] [F1] rendered 678 blocks in 7.5ms
[14:35:00.749] [render] currentFileDir=教材/  currentPath=教材/01_第1章_图形系统和模型.md
[14:35:00.759] [STAMP] mapped 678 blocks from 707 source lines
[14:35:00.760] [F1] rendered 678 blocks in 8.7ms
[14:35:00.760] [render] skip: already rendering → queue pending re-render
[14:35:00.786] [render] re-run queued render
[14:35:00.786] [render] currentFileDir=教材/  currentPath=教材/01_第1章_图形系统和模型.md
[14:35:00.793] [STAMP] mapped 678 blocks from 707 source lines
[14:35:00.795] [F1] rendered 678 blocks in 7.8ms
[14:35:01.191] [render] currentFileDir=教材/  currentPath=教材/02_第2章_图形学编程.md
[14:35:01.209] [STAMP] mapped 1310 blocks from 1646 source lines
[14:35:01.213] [F1] rendered 1310 blocks in 19.0ms
[14:35:01.213] [render] skip: already rendering → queue pending re-render
[14:35:01.329] [render] re-run queued render
[14:35:01.329] [render] currentFileDir=教材/  currentPath=教材/02_第2章_图形学编程.md
[14:35:01.344] [STAMP] mapped 1310 blocks from 1646 source lines
[14:35:01.347] [F1] rendered 1310 blocks in 15.9ms
[14:35:02.198] [render] currentFileDir=教材/  currentPath=教材/01_第1章_图形系统和模型.md
[14:35:02.212] [STAMP] mapped 678 blocks from 707 source lines
[14:35:02.213] [F1] rendered 678 blocks in 7.5ms
[14:35:02.213] [render] skip: already rendering → queue pending re-render
[14:35:02.238] [render] re-run queued render
[14:35:02.238] [render] currentFileDir=教材/  currentPath=教材/01_第1章_图形系统和模型.md
[14:35:02.245] [STAMP] mapped 678 blocks from 707 source lines
[14:35:02.247] [F1] rendered 678 blocks in 7.3ms
[14:37:44.627] [render] currentFileDir=教材/  currentPath=教材/00_封面与前言.md
[14:37:44.637] [STAMP] mapped 769 blocks from 769 source lines
[14:37:44.637] [F1] rendered 769 blocks in 8.0ms
[14:37:45.537] [render] currentFileDir=教材/  currentPath=教材/00_封面与前言.md
[14:37:45.543] [STAMP] mapped 770 blocks from 770 source lines
[14:37:45.543] [F1] rendered 770 blocks in 5.5ms
[14:37:45.543] [render] skip: already rendering → queue pending re-render
[14:37:45.554] [render] re-run queued render
[14:37:45.554] [render] currentFileDir=教材/  currentPath=教材/00_封面与前言.md
[14:37:45.559] [STAMP] mapped 770 blocks from 770 source lines
[14:37:45.559] [F1] rendered 770 blocks in 4.7ms
[14:37:45.897] [render] currentFileDir=教材/  currentPath=教材/01_第1章_图形系统和模型.md
[14:37:45.904] [STAMP] mapped 678 blocks from 707 source lines
[14:37:45.906] [F1] rendered 678 blocks in 8.6ms
[14:37:45.906] [render] skip: already rendering → queue pending re-render
[14:37:45.965] [render] re-run queued render
[14:37:45.965] [render] currentFileDir=教材/  currentPath=教材/01_第1章_图形系统和模型.md
[14:37:45.970] [STAMP] mapped 678 blocks from 707 source lines
[14:37:45.972] [F1] rendered 678 blocks in 6.6ms
[14:37:52.423] [render] currentFileDir=教材/  currentPath=教材/01_第1章_图形系统和模型.md
[14:37:52.430] [STAMP] mapped 677 blocks from 706 source lines
[14:37:52.431] [F1] rendered 677 blocks in 6.4ms
[14:37:55.700] [MAP] selHighlight sel=none mathTotal=16 covered=0
[14:37:56.766] [MAP] selHighlight sel=none mathTotal=16 covered=0
[14:37:57.766] [MAP] selHighlight sel=none mathTotal=16 covered=0
[14:37:57.842] [render] currentFileDir=教材/  currentPath=教材/01_第1章_图形系统和模型.md
[14:37:57.848] [STAMP] mapped 677 blocks from 706 source lines
[14:37:57.849] [F1] rendered 677 blocks in 6.9ms
[14:37:59.396] [render] currentFileDir=教材/  currentPath=教材/01_第1章_图形系统和模型.md
[14:37:59.404] [STAMP] mapped 677 blocks from 706 source lines
[14:37:59.406] [F1] rendered 677 blocks in 6.5ms
[14:37:59.459] [MAP] selHighlight sel=none mathTotal=16 covered=0
[14:38:02.560] [MAP] selHighlight sel=none mathTotal=16 covered=0
[14:38:02.599] [CTX] SRC L48 C0 [|·|]
[14:38:02.599] [CTX] PV  blk47 C0 [|·|]
[14:38:02.599] [EH] click: L48 C0 (block 47)
[14:38:09.789] [CTX] SRC L48 C0 [|·|]
[14:38:09.789] [CTX] PV  blk47 C0 [|·|]
[14:38:09.789] [EH] click: L48 C0 (block 47)
[14:38:10.625] [MAP] selHighlight sel=none mathTotal=16 covered=0
[14:38:10.723] [CTX] SRC L51 C0 [|·|]
[14:38:10.723] [CTX] PV  blk50 C0 [|·|]
[14:38:10.723] [EH] click: L51 C0 (block 50)
[14:38:11.091] [MAP] selHighlight sel=none mathTotal=16 covered=0
[14:38:11.187] [CTX] SRC L54 C0 [|·|]
[14:38:11.187] [CTX] PV  blk53 C0 [|·|]
[14:38:11.187] [EH] click: L54 C0 (block 53)
[14:38:12.133] [MAP] selHighlight sel=none mathTotal=16 covered=0
[14:38:12.203] [MAP] domToAst block=52 dom=text#图1.4 从寺庙内部观察到的透视@0 seg=[hit:0] renderedOffset=0 -> "text"
[14:38:12.203] [CTX] SRC L53 C0 [|图|1.4 从寺庙内]
[14:38:12.203] [CTX] PV  blk52 C0 [|图|1.4 从寺庙内]
[14:38:12.203] [EH] click: L53 C0 (block 52)
[14:38:12.466] [MAP] selHighlight sel=none mathTotal=16 covered=0
[14:38:12.539] [CTX] SRC L51 C0 [|·|]
[14:38:12.539] [CTX] PV  blk50 C0 [|·|]
[14:38:12.539] [EH] click: L51 C0 (block 50)
[14:38:12.608] [STYLE] _extract range=sel
[14:38:12.608] [MAP] domToAst block=52 dom=p.m0-src-block@0 seg=[] renderedOffset=0 -> "text"
[14:38:12.608] [STYLE] _extract start=bi=50 path=[] off=0 | L51:0 [|·|]  end=bi=52 path=[0] off=0 | L53:0 [|图|1.4 从寺庙内]
[14:38:12.608] [STYLE] _extract FAIL: invalid/cross-block start=50 end=52
[14:38:12.608] [MAP] selHighlight sel=[DIV.m0-src-block m0-blank-block@0 -> P.m0-src-block@0] mathTotal=16 covered=0
[14:38:12.699] [CTX] SRC L51 C0 [|·|]
[14:38:12.699] [CTX] PV  blk50 C0 [|·|]
[14:38:12.699] [EH] click: L51 C0 (block 50)
[14:38:13.372] [CTX] SRC L51 C0 [|·|]
[14:38:13.372] [CTX] PV  blk50 C0 [|·|]
[14:38:13.372] [EH] click: L51 C0 (block 50)
[14:38:13.374] [MAP] selHighlight sel=none mathTotal=16 covered=0
[14:38:13.458] [STYLE] _extract range=sel
[14:38:13.458] [MAP] domToAst block=52 dom=p.m0-src-block@0 seg=[] renderedOffset=0 -> "text"
[14:38:13.458] [STYLE] _extract start=bi=50 path=[] off=0 | L51:0 [|·|]  end=bi=52 path=[0] off=0 | L53:0 [|图|1.4 从寺庙内]
[14:38:13.458] [STYLE] _extract FAIL: invalid/cross-block start=50 end=52
[14:38:13.458] [MAP] selHighlight sel=[DIV.m0-src-block m0-blank-block@0 -> P.m0-src-block@0] mathTotal=16 covered=0
[14:38:13.539] [CTX] SRC L51 C0 [|·|]
[14:38:13.539] [CTX] PV  blk50 C0 [|·|]
[14:38:13.539] [EH] click: L51 C0 (block 50)
[14:38:14.308] [MAP] selHighlight sel=none mathTotal=16 covered=0
[14:38:15.408] [MAP] selHighlight sel=none mathTotal=16 covered=0
[14:38:15.489] [MAP] domToAst block=46 dom=text#50多年前，伊凡·萨瑟兰(Iva@325 seg=[hit:325] renderedOffset=325 -> "text"
[14:38:15.489] [CTX] SRC L47 C325 [同图像的重要性。|·|]
[14:38:15.489] [CTX] PV  blk46 C325 [同图像的重要性。|·|]
[14:38:15.489] [EH] click: L47 C325 (block 46)
[14:38:16.916] [MAP] selHighlight sel=none mathTotal=16 covered=0
[14:38:16.977] [MAP] domToAst block=49 dom=text#图1.3 从寺庙外部观察到的正轴@4 seg=[hit:4] renderedOffset=4 -> "text"
[14:38:16.977] [CTX] SRC L50 C4 [图1.3| |从寺庙外部观察到]
[14:38:16.977] [CTX] PV  blk49 C4 [图1.3| |从寺庙外部观察到]
[14:38:16.977] [EH] click: L50 C4 (block 49)
[14:38:17.083] [STYLE] _extract range=sel
[14:38:17.083] [MAP] domToAst block=49 dom=text#图1.3 从寺庙外部观察到的正轴@4 seg=[hit:4] renderedOffset=4 -> "text"
[14:38:17.083] [MAP] domToAst block=49 dom=text#图1.3 从寺庙外部观察到的正轴@5 seg=[hit:5] renderedOffset=5 -> "text"
[14:38:17.083] [STYLE] _extract start=bi=49 path=[0] off=4 | L50:4 [图1.3| |从寺庙外部观察到]  end=bi=49 path=[0] off=5 | L50:5 [图1.3 |从|寺庙外部观察到的]
[14:38:17.083] [STYLE] _extract before=[text["图1.3"]]
[14:38:17.083] [STYLE] _extract middle=[text[" "]]
[14:38:17.083] [STYLE] _extract after=[text["从寺庙外部观察到的正轴测投影图(由美国新墨西哥州Albuquerque市的建筑师 Richard Nordhaus 提供)"]]
[14:38:17.083] [MAP] selHighlight sel=[text#图1.3 从寺庙外部观察@4 -> text#图1.3 从寺庙外部观察@5] mathTotal=16 covered=0
[14:38:17.153] [MAP] domToAst block=49 dom=text#图1.3 从寺庙外部观察到的正轴@4 seg=[hit:4] renderedOffset=4 -> "text"
[14:38:17.153] [CTX] SRC L50 C4 [图1.3||| 从寺庙外部观察]
[14:38:17.153] [CTX] PV  blk49 C4 [图1.3| |从寺庙外部观察到]
[14:38:17.153] [EH] click: L50 C4 (block 49)
[14:38:17.458] [STYLE] _extract range=sel
[14:38:17.458] [MAP] domToAst block=49 dom=p.m0-src-block@0 seg=[] renderedOffset=0 -> "text"
[14:38:17.458] [STYLE] _extract start=bi=47 path=[] off=0 | L48:0 [|·|]  end=bi=49 path=[0] off=0 | L50:0 [|图|1.3 从寺庙外]
[14:38:17.458] [STYLE] _extract FAIL: invalid/cross-block start=47 end=49
[14:38:17.458] [MAP] selHighlight sel=[DIV.m0-src-block m0-blank-block@0 -> P.m0-src-block@0] mathTotal=16 covered=0
[14:38:17.537] [CTX] SRC L48 C0 [|·|]
[14:38:17.537] [CTX] PV  blk47 C0 [|·|]
[14:38:17.537] [EH] click: L48 C0 (block 47)
[14:38:17.737] [CTX] SRC L48 C0 [|·|]
[14:38:17.737] [CTX] PV  blk47 C0 [|·|]
[14:38:17.737] [EH] click: L48 C0 (block 47)
[14:38:18.076] [MAP] selHighlight sel=none mathTotal=16 covered=0
[14:38:18.145] [MAP] domToAst block=49 dom=text#图1.3 从寺庙外部观察到的正轴@1 seg=[hit:1] renderedOffset=1 -> "text"
[14:38:18.145] [CTX] SRC L50 C1 [图|1|.3 从寺庙外部]
[14:38:18.145] [CTX] PV  blk49 C1 [图|1|.3 从寺庙外部]
[14:38:18.145] [EH] click: L50 C1 (block 49)
[14:38:18.224] [STYLE] _extract range=sel
[14:38:18.225] [MAP] domToAst block=49 dom=text#图1.3 从寺庙外部观察到的正轴@1 seg=[hit:1] renderedOffset=1 -> "text"
[14:38:18.225] [MAP] domToAst block=49 dom=text#图1.3 从寺庙外部观察到的正轴@5 seg=[hit:5] renderedOffset=5 -> "text"
[14:38:18.225] [STYLE] _extract start=bi=49 path=[0] off=1 | L50:1 [图|1|.3 从寺庙外部]  end=bi=49 path=[0] off=5 | L50:5 [图1.3 |从|寺庙外部观察到的]
[14:38:18.225] [STYLE] _extract before=[text["图"]]
[14:38:18.225] [STYLE] _extract middle=[text["1.3 "]]
[14:38:18.225] [STYLE] _extract after=[text["从寺庙外部观察到的正轴测投影图(由美国新墨西哥州Albuquerque市的建筑师 Richard Nordhaus 提供)"]]
[14:38:18.225] [MAP] selHighlight sel=[text#图1.3 从寺庙外部观察@1 -> text#图1.3 从寺庙外部观察@5] mathTotal=16 covered=0
[14:38:18.313] [MAP] domToAst block=49 dom=text#图1.3 从寺庙外部观察到的正轴@1 seg=[hit:1] renderedOffset=1 -> "text"
[14:38:18.313] [CTX] SRC L50 C1 [图|||1.3 从寺庙外]
[14:38:18.313] [CTX] PV  blk49 C1 [图|1|.3 从寺庙外部]
[14:38:18.313] [EH] click: L50 C1 (block 49)
[14:38:18.725] [MAP] selHighlight sel=none mathTotal=16 covered=0
[14:38:18.817] [CTX] SRC L48 C0 [|·|]
[14:38:18.817] [CTX] PV  blk47 C0 [|·|]
[14:38:18.817] [EH] click: L48 C0 (block 47)
[14:38:19.083] [STYLE] _extract range=sel
[14:38:19.083] [MAP] domToAst block=49 dom=p.m0-src-block@0 seg=[] renderedOffset=0 -> "text"
[14:38:19.083] [STYLE] _extract start=bi=47 path=[] off=0 | L48:0 [|·|]  end=bi=49 path=[0] off=0 | L50:0 [|图|1.3 从寺庙外]
[14:38:19.083] [STYLE] _extract FAIL: invalid/cross-block start=47 end=49
[14:38:19.083] [MAP] selHighlight sel=[DIV.m0-src-block m0-blank-block@0 -> P.m0-src-block@0] mathTotal=16 covered=0
[14:38:19.161] [CTX] SRC L48 C0 [|·|]
[14:38:19.161] [CTX] PV  blk47 C0 [|·|]
[14:38:19.161] [EH] click: L48 C0 (block 47)
[14:38:19.321] [CTX] SRC L48 C0 [|·|]
[14:38:19.321] [CTX] PV  blk47 C0 [|·|]
[14:38:19.321] [EH] click: L48 C0 (block 47)
[14:40:18.931] [render] currentFileDir=教材/  currentPath=教材/01_第1章_图形系统和模型.md
[14:40:18.942] [STAMP] mapped 677 blocks from 706 source lines
[14:40:18.944] [F1] rendered 677 blocks in 10.8ms
[14:40:18.944] [render] skip: already rendering → queue pending re-render
[14:40:18.976] [render] re-run queued render
[14:40:18.976] [render] currentFileDir=教材/  currentPath=教材/01_第1章_图形系统和模型.md
[14:40:18.983] [STAMP] mapped 677 blocks from 706 source lines
[14:40:18.985] [F1] rendered 677 blocks in 7.8ms
[14:40:34.506] [MAP] selHighlight sel=none mathTotal=16 covered=0
[14:40:34.581] [CTX] SRC L28 C0 [|·|]
[14:40:34.581] [CTX] PV  blk27 C0 [|·|]
[14:40:34.581] [EH] click: L28 C0 (block 27)
[14:40:35.527] [CTX] SRC L28 C0 [|·|]
[14:40:35.527] [CTX] PV  blk27 C0 [|·|]
[14:40:35.527] [EH] click: L28 C0 (block 27)
[14:42:39.587] [MAP] selHighlight sel=none mathTotal=16 covered=0
[14:42:39.687] [CTX] SRC L39 C0 [|·|]
[14:42:39.687] [CTX] PV  blk38 C0 [|·|]
[14:42:39.687] [EH] click: L39 C0 (block 38)
[14:42:44.732] [MAP] selHighlight sel=none mathTotal=16 covered=0
[14:42:44.808] [render] currentFileDir=教材/  currentPath=教材/01_第1章_图形系统和模型.md
[14:42:44.816] [STAMP] mapped 678 blocks from 707 source lines
[14:42:44.817] [F1] rendered 678 blocks in 8.4ms
[14:42:48.497] [MAP] selHighlight sel=none mathTotal=16 covered=0
[14:42:48.532] [EH] enterBlockEditMode: image block 39 line 40 attrs={}
[14:42:48.573] [CTX] SRC L40 C82 [)|·|]
[14:42:48.573] [CTX] PV  blk39 C25 [5_010722|·|]
[14:42:48.573] [EH] click:image: L40 C82 (block 39)
[14:42:48.574] [MAP] selHighlight sel=none mathTotal=16 covered=0
[14:42:49.285] [MAP] selHighlight sel=none mathTotal=16 covered=0
[14:42:49.350] [CTX] SRC L40 C82 [)||·|]
[14:42:49.350] [CTX] PV  blk39 C25 [5_010722|·|]
[14:42:49.351] [EH] click:image: L40 C82 (block 39)
[14:42:49.352] [MAP] selHighlight sel=none mathTotal=16 covered=0
[14:42:53.546] [render] currentFileDir=教材/  currentPath=教材/01_第1章_图形系统和模型.md
[14:42:53.557] [STAMP] mapped 677 blocks from 706 source lines
[14:42:53.558] [F1] rendered 677 blocks in 9.0ms
[14:43:08.260] [render] currentFileDir=教材/  currentPath=教材/01_第1章_图形系统和模型.md
[14:43:08.269] [STAMP] mapped 677 blocks from 706 source lines
[14:43:08.271] [F1] rendered 677 blocks in 9.7ms
[14:43:08.271] [render] skip: already rendering → queue pending re-render
[14:43:08.315] [render] re-run queued render
[14:43:08.315] [render] currentFileDir=教材/  currentPath=教材/01_第1章_图形系统和模型.md
[14:43:08.326] [STAMP] mapped 677 blocks from 706 source lines
[14:43:08.328] [F1] rendered 677 blocks in 12.5ms
[14:43:11.715] [render] currentFileDir=教材/  currentPath=教材/01_第1章_图形系统和模型.md
[14:43:11.724] [STAMP] mapped 677 blocks from 706 source lines
[14:43:11.726] [F1] rendered 677 blocks in 7.7ms
[14:43:13.035] [render] currentFileDir=教材/  currentPath=教材/01_第1章_图形系统和模型.md
[14:43:13.044] [STAMP] mapped 677 blocks from 706 source lines
[14:43:13.044] [F1] rendered 677 blocks in 6.7ms
[14:43:22.245] [MAP] selHighlight sel=none mathTotal=16 covered=0
[14:43:22.329] [MAP] domToAst block=71 dom=text#仿真和虚拟现实的结合给电影业带来@150 seg=[hit:150] renderedOffset=150 -> "text"
[14:43:22.329] [CTX] SRC L72 C150 [行为的视觉特效。|·|]
[14:43:22.329] [CTX] PV  blk71 C150 [行为的视觉特效。|·|]
[14:43:22.329] [EH] click: L72 C150 (block 71)
[14:43:22.711] [MAP] selHighlight sel=none mathTotal=16 covered=0
[14:43:22.801] [CTX] SRC L73 C0 [|·|]
[14:43:22.801] [CTX] PV  blk72 C0 [|·|]
[14:43:22.801] [EH] click: L73 C0 (block 72)
[14:43:26.566] [render] currentFileDir=教材/  currentPath=教材/02_第2章_图形学编程.md
[14:43:26.582] [STAMP] mapped 1310 blocks from 1646 source lines
[14:43:26.584] [F1] rendered 1310 blocks in 17.6ms
[14:43:26.585] [render] skip: already rendering → queue pending re-render
[14:43:26.703] [render] re-run queued render
[14:43:26.703] [render] currentFileDir=教材/  currentPath=教材/02_第2章_图形学编程.md
[14:43:26.720] [STAMP] mapped 1310 blocks from 1646 source lines
[14:43:26.726] [F1] rendered 1310 blocks in 19.8ms
[14:43:28.734] [render] currentFileDir=教材/  currentPath=教材/01_第1章_图形系统和模型.md
[14:43:28.742] [STAMP] mapped 677 blocks from 706 source lines
[14:43:28.743] [F1] rendered 677 blocks in 6.8ms
[14:43:28.743] [render] skip: already rendering → queue pending re-render
[14:43:28.768] [render] re-run queued render
[14:43:28.769] [render] currentFileDir=教材/  currentPath=教材/01_第1章_图形系统和模型.md
[14:43:28.775] [STAMP] mapped 677 blocks from 706 source lines
[14:43:28.776] [F1] rendered 677 blocks in 6.9ms
