[14:30:46.771] [UNDO] resetHistory undo=0 redo=0
[14:30:56.115] [UNDO] resetHistory undo=0 redo=0
[14:32:51.531] [UNDO] splitParagraph block=blank_line pre=bi=65 path=[] off=0 | L66:0 [|·|] new=bi=66 path=[] off=0 | L67:0 [|图| 1.5 利用光] srcLines=["", ""]
[14:32:51.531] [UNDO] beginUndo kind=enter force=true pre=bi=65 path=[] off=0 | L66:0 [|·|] coalesce=false | undo=0 redo=0
[14:32:51.531] [UNDO] recordUndo push pre=bi=65 path=[] off=0 | L66:0 [|·|] bodyLen=38278 | undo=1 redo=0
[14:32:51.531] [UNDO] splitParagraph BEFORE  cursor-line=66
    L62: ""
    L63: "![](.memoria/images/6fc83f6bfaa6280a99e32fbffd713581bc01022171d439a02f75c683d44444ea.jpg)"
    L64: ""
    L65: "![](.memoria/images/163fe4a53b9dd80809cdb179d65f7d3b9ce28a591b2a3f701d7dacd3f8a13614.jpg)"
>>> L66: ""
    L67: "图 1.5 利用光线跟踪器绘制的图像(由 PatrickMcCormick 提供)  "
    L68: "![](.memoria/images/99a885181ea783bde12d598685437c7c331ce6b3839f106e3c36dd972cd1b9b9.jpg)  "
    L69: "图1.6 Avatar显示一个正在接受远程医疗专家诊断和治疗的患者(由美国新墨西哥大学电气与计算机工程系的TomCaudell提供)"
    L70: ""
[14:32:51.531] [UNDO] splitParagraph AFTER   cursor-line=66
    L62: ""
    L63: "![](.memoria/images/6fc83f6bfaa6280a99e32fbffd713581bc01022171d439a02f75c683d44444ea.jpg)"
    L64: ""
    L65: "![](.memoria/images/163fe4a53b9dd80809cdb179d65f7d3b9ce28a591b2a3f701d7dacd3f8a13614.jpg)"
>>> L66: ""
    L67: ""
    L68: "图 1.5 利用光线跟踪器绘制的图像(由 PatrickMcCormick 提供)  "
    L69: "![](.memoria/images/99a885181ea783bde12d598685437c7c331ce6b3839f106e3c36dd972cd1b9b9.jpg)  "
    L70: "图1.6 Avatar显示一个正在接受远程医疗专家诊断和治疗的患者(由美国新墨西哥大学电气与计算机工程系的TomCaudell提供)"
[14:32:51.553] [UNDO] recordGroup kind=enter post=bi=66 path=[] off=0 | L67:0 [|·|]
[14:32:51.607] [UNDO] splitParagraph re-rendered blocks=678 block[66].type=blank_line items=-
[14:32:51.607] [UNDO] splitParagraph re-rendered, restore new cursor=bi=66 path=[] off=0 | L67:0 [|·|]
[14:32:51.607] [UNDO] restoreCursor bi=66 path=[] off=0
[14:34:58.960] [UNDO] resetHistory undo=1 redo=0
[14:35:00.724] [UNDO] resetHistory undo=0 redo=0
[14:35:01.135] [UNDO] resetHistory undo=0 redo=0
[14:35:02.168] [UNDO] resetHistory undo=0 redo=0
[14:36:18.005] [UNDO] resetHistory undo=0 redo=0
[14:37:41.527] [UNDO] resetHistory undo=0 redo=0
[14:37:45.532] [UNDO] resetHistory undo=0 redo=0
[14:37:45.892] [UNDO] resetHistory undo=0 redo=0
[14:40:18.899] [UNDO] resetHistory undo=0 redo=0
[14:43:08.221] [UNDO] resetHistory undo=0 redo=0
[14:43:26.556] [UNDO] resetHistory undo=0 redo=0
[14:43:28.729] [UNDO] resetHistory undo=0 redo=0
