[22:09:30.800] [render] currentFileDir=(root)  currentPath=attention.md
[22:09:30.802] [STAMP] mapped 68 blocks from 95 source lines
[22:09:30.802] [F1] rendered 68 blocks in 1.1ms
[22:09:30.802] [render] skip: already rendering → queue pending re-render
[22:09:30.838] [render] re-run queued render
[22:09:30.838] [render] currentFileDir=(root)  currentPath=attention.md
[22:09:30.840] [STAMP] mapped 68 blocks from 95 source lines
[22:09:30.840] [F1] rendered 68 blocks in 0.8ms
[20:04:51.900] [render] currentFileDir=(root)  currentPath=navigation-demo.md
[20:04:51.906] [STAMP] mapped 44 blocks from 47 source lines
[20:04:51.906] [F1] rendered 44 blocks in 4.2ms
[21:20:50.317] [render] currentFileDir=(root)  currentPath=attention.md
[21:20:50.320] [STAMP] mapped 67 blocks from 94 source lines
[21:20:50.320] [F1] rendered 67 blocks in 2.3ms
[21:20:59.434] [render] currentFileDir=(root)  currentPath=attention.md
[21:20:59.437] [STAMP] mapped 68 blocks from 95 source lines
[21:20:59.437] [F1] rendered 68 blocks in 1.1ms
[21:20:59.437] [render] skip: already rendering → queue pending re-render
[21:20:59.468] [render] re-run queued render
[21:20:59.468] [render] currentFileDir=(root)  currentPath=attention.md
[21:20:59.470] [STAMP] mapped 68 blocks from 95 source lines
[21:20:59.470] [F1] rendered 68 blocks in 1.0ms
[21:21:29.104] [MAP] selHighlight sel=none mathTotal=15 covered=0
[21:21:29.184] [CTX] SRC L2 C0 [|·|]
[21:21:29.185] [CTX] PV  blk1 C0 [|·|]
[21:21:29.185] [EH] click: L2 C0 (block 1)
[21:24:14.842] [render] currentFileDir=(root)  currentPath=bert.md
[21:24:14.845] [STAMP] mapped 35 blocks from 46 source lines
[21:24:14.845] [F1] rendered 37 blocks in 2.5ms
[21:36:18.353] [render] currentFileDir=(root)  currentPath=navigation-demo.md
[21:36:18.356] [STAMP] mapped 44 blocks from 47 source lines
[21:36:18.356] [F1] rendered 44 blocks in 2.5ms
[21:36:28.933] [MAP] domToAst block=8 item=2 dom=li.@1 seg=[] renderedOffset=13 -> "wiki_link"
[21:36:28.934] [CTX] SRC L11 C17 [arning 算|法|]]]
[21:36:28.934] [CTX] PV  blk8 C13 [rning 算法|·|]
[21:36:28.934] [EH] click: L11 C17 (block 8)
