[18:15:04.683] [render] currentFileDir=(root)  currentPath=brittle.md
[18:15:04.683] [STAMP] mapped 35 blocks from 42 source lines
[18:15:04.683] [F1] rendered 42 blocks in 0.3ms
[18:15:04.683] [render] skip: already rendering
[18:15:10.716] [render] currentFileDir=(root)  currentPath=brittle.md
[18:15:10.717] [STAMP] mapped 35 blocks from 42 source lines
[18:15:10.717] [F1] rendered 42 blocks in 0.3ms
[18:15:10.717] [render] skip: already rendering
[18:15:15.525] [render] currentFileDir=(root)  currentPath=parody-account.md
[18:15:15.525] [STAMP] mapped 19 blocks from 19 source lines
[18:15:15.525] [F1] rendered 19 blocks in 0.0ms
[18:15:15.525] [render] skip: already rendering
[18:15:16.321] [render] currentFileDir=(root)  currentPath=orchestra.md
[18:15:16.322] [STAMP] mapped 11 blocks from 22 source lines
[18:15:16.322] [F1] rendered 22 blocks in 0.2ms
[18:15:16.322] [render] skip: already rendering
[18:15:16.781] [render] currentFileDir=(root)  currentPath=inevitable.md
[18:15:16.781] [STAMP] mapped 9 blocks from 9 source lines
[18:15:16.781] [F1] rendered 9 blocks in 0.1ms
[18:15:16.781] [render] skip: already rendering
[18:15:20.320] [render] currentFileDir=(root)  currentPath=in-advance-of.md
[18:15:20.320] [STAMP] mapped 28 blocks from 32 source lines
[18:15:20.320] [F1] rendered 32 blocks in 0.3ms
[18:15:20.320] [render] skip: already rendering
[18:15:20.655] [render] currentFileDir=(root)  currentPath=cpc-and-ccp.md
[18:15:20.655] [STAMP] mapped 16 blocks from 17 source lines
[18:15:20.655] [F1] rendered 16 blocks in 0.2ms
[18:15:20.656] [render] skip: already rendering
[18:32:46.986] [render] currentFileDir=(root)  currentPath=cpc-and-ccp.md
[18:32:46.986] [STAMP] mapped 16 blocks from 17 source lines
[18:32:46.986] [F1] rendered 16 blocks in 0.3ms
[18:32:49.827] [MAP] domToAst block=2 item=1 dom=text#CCP：全称Chinese Co@57 seg=[hit:57] renderedOffset=57 -> "text"
[18:32:49.827] [CTX] SRC L4 C59 [并非我方官方译法|。|]
[18:32:49.827] [CTX] PV  blk2 C57 [非我方官方译法。|·|]
[18:32:49.827] [EH] click: L4 C59 (block 2)
[12:58:00.541] [render] currentFileDir=(root)  currentPath=brittle.md
[12:58:00.544] [STAMP] mapped 35 blocks from 42 source lines
[12:58:00.544] [F1] rendered 42 blocks in 1.9ms
[22:02:56.172] [render] currentFileDir=(root)  currentPath=tmp.md
[22:02:56.173] [STAMP] mapped 0 blocks from 0 source lines
[22:02:56.173] [F1] rendered 1 blocks in 0.4ms
[22:02:58.707] [CTX] SRC L1 C0 [|·|]
[22:02:58.707] [CTX] PV  blk0 C0 [|·|]
[22:02:58.707] [EH] click: L1 C0 (block 0)
[22:02:59.155] [CTX] SRC L1 C0 [|·|]
[22:02:59.155] [CTX] PV  blk0 C0 [|·|]
[22:02:59.155] [EH] click: L1 C0 (block 0)
[22:03:02.193] [render] currentFileDir=(root)  currentPath=tmp.md
[22:03:02.195] [STAMP] mapped 19 blocks from 21 source lines
[22:03:02.195] [F1] rendered 19 blocks in 1.8ms
[22:03:05.937] [render] currentFileDir=(root)  currentPath=tmp.md
[22:03:05.938] [STAMP] mapped 0 blocks from 0 source lines
[22:03:05.938] [F1] rendered 1 blocks in 0.0ms
[22:03:06.860] [CTX] SRC L1 C0 [|·|]
[22:03:06.860] [CTX] PV  blk0 C0 [|·|]
[22:03:06.860] [EH] click: L1 C0 (block 0)
[22:03:07.805] [CTX] SRC L1 C0 [|·|]
[22:03:07.805] [CTX] PV  blk0 C0 [|·|]
[22:03:07.805] [EH] click: L1 C0 (block 0)
[22:03:10.893] [STAMP] mapped 1 blocks from 1 source lines
[22:03:10.893] [MAP] rangeAt offset=0 -> text#翻译（产品文档风格，适合@0
[22:03:10.893] [MAP] astToDom block=0 path=[0] off=0 atomSide=null rendered=0 -> text#翻译（产品文档风格，适合英文PR@0
[22:03:10.894] [render] currentFileDir=(root)  currentPath=tmp.md
[22:03:10.894] [STAMP] mapped 2 blocks from 2 source lines
[22:03:10.895] [F1] rendered 2 blocks in 0.2ms
[22:03:10.895] [STAMP] mapped 2 blocks from 2 source lines
[22:03:10.895] [MAP] rangeAt offset=38 -> text#**Fully‑feat@38
[22:03:10.895] [MAP] astToDom block=0 path=[0] off=38 atomSide=null rendered=38 -> text#**Fully‑featured@38
[22:03:10.896] [render] skip: already rendering → queue pending re-render
[22:03:10.896] [STAMP] mapped 2 blocks from 3 source lines
[22:03:10.896] [MAP] rangeAt offset=51 -> text#**Fully‑feat@51
[22:03:10.896] [MAP] astToDom block=0 path=[0] off=51 atomSide=null rendered=51 -> text#**Fully‑featured@51
[22:03:10.897] [render] skip: already rendering → queue pending re-render
[22:03:10.897] [render] skip: already rendering → queue pending re-render
[22:03:10.897] [STAMP] mapped 2 blocks from 5 source lines
[22:03:10.897] [MAP] rangeAt offset=63 -> text#**Fully‑feat@63
[22:03:10.897] [MAP] astToDom block=0 path=[0] off=63 atomSide=null rendered=63 -> text#**Fully‑featured@63
[22:03:10.899] [render] skip: already rendering → queue pending re-render
[22:03:10.899] [STAMP] mapped 2 blocks from 6 source lines
[22:03:10.899] [MAP] rangeAt offset=95 -> text#**Fully‑feat@95
[22:03:10.899] [MAP] astToDom block=0 path=[0] off=95 atomSide=null rendered=95 -> text#**Fully‑featured@95
[22:03:10.900] [render] skip: already rendering → queue pending re-render
[22:03:10.900] [STAMP] mapped 2 blocks from 7 source lines
[22:03:10.900] [MAP] rangeAt offset=141 -> text#**Fully‑feat@141
[22:03:10.900] [MAP] astToDom block=0 path=[0] off=141 atomSide=null rendered=141 -> text#**Fully‑featured@141
[22:03:10.901] [render] skip: already rendering → queue pending re-render
[22:03:10.901] [render] skip: already rendering → queue pending re-render
[22:03:10.901] [STAMP] mapped 2 blocks from 9 source lines
[22:03:10.901] [MAP] rangeAt offset=149 -> text#**Fully‑feat@149
[22:03:10.901] [MAP] astToDom block=0 path=[0] off=149 atomSide=null rendered=149 -> text#**Fully‑featured@149
[22:03:10.902] [render] skip: already rendering → queue pending re-render
[22:03:10.903] [STAMP] mapped 2 blocks from 10 source lines
[22:03:10.903] [MAP] rangeAt offset=191 -> text#**Fully‑feat@191
[22:03:10.903] [MAP] astToDom block=0 path=[0] off=191 atomSide=null rendered=191 -> text#**Fully‑featured@191
[22:03:10.904] [render] skip: already rendering → queue pending re-render
[22:03:10.905] [STAMP] mapped 2 blocks from 11 source lines
[22:03:10.905] [MAP] rangeAt offset=219 -> text#**Fully‑feat@219
[22:03:10.905] [MAP] astToDom block=0 path=[0] off=219 atomSide=null rendered=219 -> text#**Fully‑featured@219
[22:03:10.907] [render] skip: already rendering → queue pending re-render
[22:03:10.907] [render] skip: already rendering → queue pending re-render
[22:03:10.908] [STAMP] mapped 2 blocks from 13 source lines
[22:03:10.908] [MAP] rangeAt offset=222 -> text#**Fully‑feat@222
[22:03:10.908] [MAP] astToDom block=0 path=[0] off=222 atomSide=null rendered=222 -> text#**Fully‑featured@222
[22:03:10.909] [render] skip: already rendering → queue pending re-render
[22:03:10.910] [STAMP] mapped 2 blocks from 14 source lines
[22:03:10.910] [MAP] rangeAt offset=230 -> text#**Fully‑feat@230
[22:03:10.910] [MAP] astToDom block=0 path=[0] off=230 atomSide=null rendered=230 -> text#**Fully‑featured@230
[22:03:10.911] [render] skip: already rendering → queue pending re-render
[22:03:10.912] [STAMP] mapped 2 blocks from 15 source lines
[22:03:10.912] [MAP] rangeAt offset=252 -> text#**Fully‑feat@252
[22:03:10.912] [MAP] astToDom block=0 path=[0] off=252 atomSide=null rendered=252 -> text#**Fully‑featured@252
[22:03:10.913] [render] skip: already rendering → queue pending re-render
[22:03:10.913] [STAMP] mapped 2 blocks from 16 source lines
[22:03:10.913] [MAP] rangeAt offset=310 -> text#**Fully‑feat@310
[22:03:10.913] [MAP] astToDom block=0 path=[0] off=310 atomSide=null rendered=310 -> text#**Fully‑featured@310
[22:03:10.914] [render] skip: already rendering → queue pending re-render
[22:03:10.914] [render] skip: already rendering → queue pending re-render
[22:03:10.915] [STAMP] mapped 2 blocks from 18 source lines
[22:03:10.915] [MAP] rangeAt offset=332 -> text#**Fully‑feat@332
[22:03:10.915] [MAP] astToDom block=0 path=[0] off=332 atomSide=null rendered=332 -> text#**Fully‑featured@332
[22:03:10.916] [render] skip: already rendering → queue pending re-render
[22:03:10.916] [STAMP] mapped 2 blocks from 19 source lines
[22:03:10.916] [MAP] rangeAt offset=393 -> text#**Fully‑feat@393
[22:03:10.916] [MAP] astToDom block=0 path=[0] off=393 atomSide=null rendered=393 -> text#**Fully‑featured@393
[22:03:10.917] [render] skip: already rendering → queue pending re-render
[22:03:10.917] [render] skip: already rendering → queue pending re-render
[22:03:10.918] [STAMP] mapped 2 blocks from 21 source lines
[22:03:10.918] [MAP] rangeAt offset=451 -> text#**Fully‑feat@451
[22:03:10.918] [MAP] astToDom block=0 path=[0] off=451 atomSide=null rendered=451 -> text#**Fully‑featured@451
[22:03:10.919] [MAP] rangeAt offset=0 -> text#翻译（产品文档风格，适合@0
[22:03:10.919] [MAP] astToDom block=1 path=[] off=0 atomSide=null rendered=0 -> text#翻译（产品文档风格，适合英文PR@0
[22:03:10.919] [MAP] rangeAt offset=0 -> text#翻译（产品文档风格，适合@0
[22:03:10.919] [MAP] astToDom block=1 path=[] off=0 atomSide=null rendered=0 -> text#翻译（产品文档风格，适合英文PR@0
[22:03:10.919] [MAP] rangeAt offset=0 -> text#翻译（产品文档风格，适合@0
[22:03:10.919] [MAP] astToDom block=1 path=[] off=0 atomSide=null rendered=0 -> text#翻译（产品文档风格，适合英文PR@0
[22:03:10.920] [MAP] rangeAt offset=0 -> text#翻译（产品文档风格，适合@0
[22:03:10.920] [MAP] astToDom block=1 path=[] off=0 atomSide=null rendered=0 -> text#翻译（产品文档风格，适合英文PR@0
[22:03:10.920] [MAP] rangeAt offset=0 -> text#翻译（产品文档风格，适合@0
[22:03:10.920] [MAP] astToDom block=1 path=[] off=0 atomSide=null rendered=0 -> text#翻译（产品文档风格，适合英文PR@0
[22:03:10.920] [MAP] rangeAt offset=0 -> text#翻译（产品文档风格，适合@0
[22:03:10.920] [MAP] astToDom block=1 path=[] off=0 atomSide=null rendered=0 -> text#翻译（产品文档风格，适合英文PR@0
[22:03:10.920] [MAP] rangeAt offset=0 -> text#翻译（产品文档风格，适合@0
[22:03:10.920] [MAP] astToDom block=1 path=[] off=0 atomSide=null rendered=0 -> text#翻译（产品文档风格，适合英文PR@0
[22:03:10.920] [MAP] rangeAt offset=0 -> text#翻译（产品文档风格，适合@0
[22:03:10.920] [MAP] astToDom block=1 path=[] off=0 atomSide=null rendered=0 -> text#翻译（产品文档风格，适合英文PR@0
[22:03:10.920] [MAP] rangeAt offset=0 -> text#翻译（产品文档风格，适合@0
[22:03:10.920] [MAP] astToDom block=1 path=[] off=0 atomSide=null rendered=0 -> text#翻译（产品文档风格，适合英文PR@0
[22:03:10.920] [MAP] rangeAt offset=0 -> text#翻译（产品文档风格，适合@0
[22:03:10.920] [MAP] astToDom block=1 path=[] off=0 atomSide=null rendered=0 -> text#翻译（产品文档风格，适合英文PR@0
[22:03:10.920] [MAP] rangeAt offset=0 -> text#翻译（产品文档风格，适合@0
[22:03:10.920] [MAP] astToDom block=1 path=[] off=0 atomSide=null rendered=0 -> text#翻译（产品文档风格，适合英文PR@0
[22:03:10.920] [MAP] rangeAt offset=0 -> text#翻译（产品文档风格，适合@0
[22:03:10.920] [MAP] astToDom block=1 path=[] off=0 atomSide=null rendered=0 -> text#翻译（产品文档风格，适合英文PR@0
[22:03:10.920] [MAP] rangeAt offset=0 -> text#翻译（产品文档风格，适合@0
[22:03:10.920] [MAP] astToDom block=1 path=[] off=0 atomSide=null rendered=0 -> text#翻译（产品文档风格，适合英文PR@0
[22:03:10.920] [MAP] rangeAt offset=0 -> text#翻译（产品文档风格，适合@0
[22:03:10.920] [MAP] astToDom block=1 path=[] off=0 atomSide=null rendered=0 -> text#翻译（产品文档风格，适合英文PR@0
[22:03:10.920] [MAP] rangeAt offset=0 -> text#翻译（产品文档风格，适合@0
[22:03:10.920] [MAP] astToDom block=1 path=[] off=0 atomSide=null rendered=0 -> text#翻译（产品文档风格，适合英文PR@0
[22:03:10.920] [MAP] rangeAt offset=0 -> text#翻译（产品文档风格，适合@0
[22:03:10.920] [MAP] astToDom block=1 path=[] off=0 atomSide=null rendered=0 -> text#翻译（产品文档风格，适合英文PR@0
[22:03:10.920] [MAP] rangeAt offset=0 -> text#翻译（产品文档风格，适合@0
[22:03:10.920] [MAP] astToDom block=1 path=[] off=0 atomSide=null rendered=0 -> text#翻译（产品文档风格，适合英文PR@0
[22:03:10.920] [MAP] rangeAt offset=0 -> text#翻译（产品文档风格，适合@0
[22:03:10.920] [MAP] astToDom block=1 path=[] off=0 atomSide=null rendered=0 -> text#翻译（产品文档风格，适合英文PR@0
[22:03:10.920] [MAP] rangeAt offset=0 -> text#翻译（产品文档风格，适合@0
[22:03:10.920] [MAP] astToDom block=1 path=[] off=0 atomSide=null rendered=0 -> text#翻译（产品文档风格，适合英文PR@0
[22:03:10.920] [render] re-run queued render
[22:03:10.920] [render] currentFileDir=(root)  currentPath=tmp.md
[22:03:10.921] [STAMP] mapped 21 blocks from 21 source lines
[22:03:10.921] [F1] rendered 21 blocks in 0.4ms
[22:03:10.921] [MAP] rangeAt offset=0 -> text#Fully‑featur@0
[22:03:10.921] [MAP] astToDom block=0 path=[] off=0 atomSide=null rendered=0 -> text#Fully‑featured i@0
[22:03:13.970] [CTX] SRC L4 C0 [|·|]
[22:03:13.970] [CTX] PV  blk3 C0 [|·|]
[22:03:13.970] [EH] click: L4 C0 (block 3)
[22:03:14.343] [render] currentFileDir=(root)  currentPath=tmp.md
[22:03:14.343] [STAMP] mapped 0 blocks from 0 source lines
[22:03:14.343] [F1] rendered 1 blocks in 0.2ms
[22:03:19.817] [render] currentFileDir=(root)  currentPath=tmp.md
[22:03:19.817] [STAMP] mapped 19 blocks from 21 source lines
[22:03:19.818] [F1] rendered 19 blocks in 0.4ms
[22:03:59.735] [STYLE] _extract range=sel
[22:03:59.735] [MAP] domToAst block=12 item=0 dom=text#这个系统搭载了功能基本完善的图片@16 seg=[hit:16] renderedOffset=16 -> "text"
[22:03:59.735] [MAP] domToAst block=12 item=0 dom=text#这个系统搭载了功能基本完善的图片@17 seg=[hit:17] renderedOffset=17 -> "text"
[22:03:59.735] [STYLE] _extract start=bi=12 path=[0,0] off=16 | L15:18 [功能基本完善的图|片|功能。]  end=bi=12 path=[0,0] off=17 | L15:19 [能基本完善的图片|功|能。]
[22:03:59.735] [STYLE] _extract before=[text["这个系统搭载了功能基本完善的图片"]]
[22:03:59.735] [STYLE] _extract middle=[text["功"]]
[22:03:59.735] [STYLE] _extract after=[text["能。"]]
[22:03:59.768] [STYLE] _extract range=sel
[22:03:59.768] [MAP] domToAst block=12 item=0 dom=text#这个系统搭载了功能基本完善的图片@14 seg=[hit:14] renderedOffset=14 -> "text"
[22:03:59.768] [MAP] domToAst block=12 item=0 dom=text#这个系统搭载了功能基本完善的图片@17 seg=[hit:17] renderedOffset=17 -> "text"
[22:03:59.768] [STYLE] _extract start=bi=12 path=[0,0] off=14 | L15:16 [载了功能基本完善|的|图片功能。]  end=bi=12 path=[0,0] off=17 | L15:19 [能基本完善的图片|功|能。]
[22:03:59.768] [STYLE] _extract before=[text["这个系统搭载了功能基本完善的"]]
[22:03:59.768] [STYLE] _extract middle=[text["图片功"]]
[22:03:59.768] [STYLE] _extract after=[text["能。"]]
[22:03:59.776] [STYLE] _extract range=sel
[22:03:59.776] [MAP] domToAst block=12 item=0 dom=text#这个系统搭载了功能基本完善的图片@13 seg=[hit:13] renderedOffset=13 -> "text"
[22:03:59.776] [MAP] domToAst block=12 item=0 dom=text#这个系统搭载了功能基本完善的图片@17 seg=[hit:17] renderedOffset=17 -> "text"
[22:03:59.776] [STYLE] _extract start=bi=12 path=[0,0] off=13 | L15:15 [搭载了功能基本完|善|的图片功能。]  end=bi=12 path=[0,0] off=17 | L15:19 [能基本完善的图片|功|能。]
[22:03:59.776] [STYLE] _extract before=[text["这个系统搭载了功能基本完善"]]
[22:03:59.776] [STYLE] _extract middle=[text["的图片功"]]
[22:03:59.776] [STYLE] _extract after=[text["能。"]]
[22:03:59.785] [STYLE] _extract range=sel
[22:03:59.785] [MAP] domToAst block=12 item=0 dom=text#这个系统搭载了功能基本完善的图片@12 seg=[hit:12] renderedOffset=12 -> "text"
[22:03:59.785] [MAP] domToAst block=12 item=0 dom=text#这个系统搭载了功能基本完善的图片@17 seg=[hit:17] renderedOffset=17 -> "text"
[22:03:59.785] [STYLE] _extract start=bi=12 path=[0,0] off=12 | L15:14 [统搭载了功能基本|完|善的图片功能。]  end=bi=12 path=[0,0] off=17 | L15:19 [能基本完善的图片|功|能。]
[22:03:59.785] [STYLE] _extract before=[text["这个系统搭载了功能基本完"]]
[22:03:59.785] [STYLE] _extract middle=[text["善的图片功"]]
[22:03:59.785] [STYLE] _extract after=[text["能。"]]
[22:03:59.793] [STYLE] _extract range=sel
[22:03:59.793] [MAP] domToAst block=12 item=0 dom=text#这个系统搭载了功能基本完善的图片@11 seg=[hit:11] renderedOffset=11 -> "text"
[22:03:59.793] [MAP] domToAst block=12 item=0 dom=text#这个系统搭载了功能基本完善的图片@17 seg=[hit:17] renderedOffset=17 -> "text"
[22:03:59.793] [STYLE] _extract start=bi=12 path=[0,0] off=11 | L15:13 [系统搭载了功能基|本|完善的图片功能。]  end=bi=12 path=[0,0] off=17 | L15:19 [能基本完善的图片|功|能。]
[22:03:59.793] [STYLE] _extract before=[text["这个系统搭载了功能基本"]]
[22:03:59.793] [STYLE] _extract middle=[text["完善的图片功"]]
[22:03:59.793] [STYLE] _extract after=[text["能。"]]
[22:03:59.801] [STYLE] _extract range=sel
[22:03:59.801] [MAP] domToAst block=12 item=0 dom=text#这个系统搭载了功能基本完善的图片@10 seg=[hit:10] renderedOffset=10 -> "text"
[22:03:59.801] [MAP] domToAst block=12 item=0 dom=text#这个系统搭载了功能基本完善的图片@17 seg=[hit:17] renderedOffset=17 -> "text"
[22:03:59.801] [STYLE] _extract start=bi=12 path=[0,0] off=10 | L15:12 [个系统搭载了功能|基|本完善的图片功能]  end=bi=12 path=[0,0] off=17 | L15:19 [能基本完善的图片|功|能。]
[22:03:59.801] [STYLE] _extract before=[text["这个系统搭载了功能基"]]
[22:03:59.801] [STYLE] _extract middle=[text["本完善的图片功"]]
[22:03:59.802] [STYLE] _extract after=[text["能。"]]
[22:03:59.810] [STYLE] _extract range=sel
[22:03:59.810] [MAP] domToAst block=12 item=0 dom=text#这个系统搭载了功能基本完善的图片@9 seg=[hit:9] renderedOffset=9 -> "text"
[22:03:59.810] [MAP] domToAst block=12 item=0 dom=text#这个系统搭载了功能基本完善的图片@17 seg=[hit:17] renderedOffset=17 -> "text"
[22:03:59.810] [STYLE] _extract start=bi=12 path=[0,0] off=9 | L15:11 [这个系统搭载了功|能|基本完善的图片功]  end=bi=12 path=[0,0] off=17 | L15:19 [能基本完善的图片|功|能。]
[22:03:59.810] [STYLE] _extract before=[text["这个系统搭载了功能"]]
[22:03:59.810] [STYLE] _extract middle=[text["基本完善的图片功"]]
[22:03:59.810] [STYLE] _extract after=[text["能。"]]
[22:03:59.818] [STYLE] _extract range=sel
[22:03:59.818] [MAP] domToAst block=12 item=0 dom=text#这个系统搭载了功能基本完善的图片@8 seg=[hit:8] renderedOffset=8 -> "text"
[22:03:59.818] [MAP] domToAst block=12 item=0 dom=text#这个系统搭载了功能基本完善的图片@17 seg=[hit:17] renderedOffset=17 -> "text"
[22:03:59.818] [STYLE] _extract start=bi=12 path=[0,0] off=8 | L15:10 [ 这个系统搭载了|功|能基本完善的图片]  end=bi=12 path=[0,0] off=17 | L15:19 [能基本完善的图片|功|能。]
[22:03:59.818] [STYLE] _extract before=[text["这个系统搭载了功"]]
[22:03:59.818] [STYLE] _extract middle=[text["能基本完善的图片功"]]
[22:03:59.818] [STYLE] _extract after=[text["能。"]]
[22:03:59.826] [STYLE] _extract range=sel
[22:03:59.826] [MAP] domToAst block=12 item=0 dom=text#这个系统搭载了功能基本完善的图片@7 seg=[hit:7] renderedOffset=7 -> "text"
[22:03:59.826] [MAP] domToAst block=12 item=0 dom=text#这个系统搭载了功能基本完善的图片@17 seg=[hit:17] renderedOffset=17 -> "text"
[22:03:59.826] [STYLE] _extract start=bi=12 path=[0,0] off=7 | L15:9 [. 这个系统搭载|了|功能基本完善的图]  end=bi=12 path=[0,0] off=17 | L15:19 [能基本完善的图片|功|能。]
[22:03:59.826] [STYLE] _extract before=[text["这个系统搭载了"]]
[22:03:59.826] [STYLE] _extract middle=[text["功能基本完善的图片功"]]
[22:03:59.826] [STYLE] _extract after=[text["能。"]]
[22:03:59.835] [STYLE] _extract range=sel
[22:03:59.835] [MAP] domToAst block=12 item=0 dom=text#这个系统搭载了功能基本完善的图片@6 seg=[hit:6] renderedOffset=6 -> "text"
[22:03:59.835] [MAP] domToAst block=12 item=0 dom=text#这个系统搭载了功能基本完善的图片@17 seg=[hit:17] renderedOffset=17 -> "text"
[22:03:59.835] [STYLE] _extract start=bi=12 path=[0,0] off=6 | L15:8 [1. 这个系统搭|载|了功能基本完善的]  end=bi=12 path=[0,0] off=17 | L15:19 [能基本完善的图片|功|能。]
[22:03:59.835] [STYLE] _extract before=[text["这个系统搭载"]]
[22:03:59.835] [STYLE] _extract middle=[text["了功能基本完善的图片功"]]
[22:03:59.835] [STYLE] _extract after=[text["能。"]]
[22:03:59.843] [STYLE] _extract range=sel
[22:03:59.843] [MAP] domToAst block=12 item=0 dom=text#这个系统搭载了功能基本完善的图片@6 seg=[hit:6] renderedOffset=6 -> "text"
[22:03:59.843] [MAP] domToAst block=12 item=0 dom=text#这个系统搭载了功能基本完善的图片@17 seg=[hit:17] renderedOffset=17 -> "text"
[22:03:59.843] [STYLE] _extract start=bi=12 path=[0,0] off=6 | L15:8 [1. 这个系统搭|载|了功能基本完善的]  end=bi=12 path=[0,0] off=17 | L15:19 [能基本完善的图片|功|能。]
[22:03:59.843] [STYLE] _extract before=[text["这个系统搭载"]]
[22:03:59.843] [STYLE] _extract middle=[text["了功能基本完善的图片功"]]
[22:03:59.843] [STYLE] _extract after=[text["能。"]]
[22:03:59.868] [STYLE] _extract range=sel
[22:03:59.868] [MAP] domToAst block=12 item=0 dom=text#这个系统搭载了功能基本完善的图片@5 seg=[hit:5] renderedOffset=5 -> "text"
[22:03:59.868] [MAP] domToAst block=12 item=0 dom=text#这个系统搭载了功能基本完善的图片@17 seg=[hit:17] renderedOffset=17 -> "text"
[22:03:59.868] [STYLE] _extract start=bi=12 path=[0,0] off=5 | L15:7 [1. 这个系统|搭|载了功能基本完善]  end=bi=12 path=[0,0] off=17 | L15:19 [能基本完善的图片|功|能。]
[22:03:59.868] [STYLE] _extract before=[text["这个系统搭"]]
[22:03:59.868] [STYLE] _extract middle=[text["载了功能基本完善的图片功"]]
[22:03:59.868] [STYLE] _extract after=[text["能。"]]
[22:03:59.912] [MAP] domToAst block=12 item=0 dom=text#这个系统搭载了功能基本完善的图片@17 seg=[hit:17] renderedOffset=17 -> "text"
[22:03:59.912] [CTX] SRC L15 C19 [能基本完善的图片|功|能。]
[22:03:59.912] [CTX] PV  blk12 C17 [基本完善的图片功|能|。]
[22:03:59.912] [EH] click: L15 C19 (block 12)
[22:04:00.185] [MAP] domToAst block=12 item=0 dom=text#这个系统搭载了功能基本完善的图片@17 seg=[hit:17] renderedOffset=17 -> "text"
[22:04:00.185] [CTX] SRC L15 C19 [能基本完善的图片|||功能。]
[22:04:00.185] [CTX] PV  blk12 C17 [基本完善的图片功|能|。]
[22:04:00.185] [EH] click: L15 C19 (block 12)
[22:04:04.668] [CTX] SRC L12 C0 [|·|]
[22:04:04.668] [CTX] PV  blk9 C0 [|·|]
[22:04:04.668] [EH] click: L12 C0 (block 9)
[22:04:06.393] [MAP] domToAst block=18 dom=text# 本身就表示“大体完备，非100@36 seg=[m0-src-block#小提示：:4,m0-src-block#fully‑featured:14,hit:36] renderedOffset=54 -> "text"
[22:04:06.394] [MAP] domToAst block=18 dom=text# 本身就表示“大体完备，非100@36 seg=[m0-src-block#小提示：:4,m0-src-block#fully‑featured:14,hit:36] renderedOffset=54 -> "text"
[22:04:06.394] [CTX] SRC L21 C56 [basicall|y|。]
[22:04:06.394] [CTX] PV  blk18 C54 [sically。|·|]
[22:04:06.394] [EH] click: L21 C56 (block 18)
[22:04:16.167] [render] currentFileDir=(root)  currentPath=brittle.md
[22:04:16.169] [STAMP] mapped 35 blocks from 42 source lines
[22:04:16.169] [F1] rendered 42 blocks in 1.1ms
[22:04:16.169] [render] skip: already rendering → queue pending re-render
[22:04:16.192] [render] re-run queued render
[22:04:16.192] [render] currentFileDir=(root)  currentPath=brittle.md
[22:04:16.193] [STAMP] mapped 35 blocks from 42 source lines
[22:04:16.193] [F1] rendered 42 blocks in 0.5ms
