[18:15:04.681] [UNDO] resetHistory undo=0 redo=0
[18:15:10.715] [UNDO] resetHistory undo=0 redo=0
[18:15:15.523] [UNDO] resetHistory undo=0 redo=0
[18:15:16.320] [UNDO] resetHistory undo=0 redo=0
[18:15:16.780] [UNDO] resetHistory undo=0 redo=0
[18:15:20.319] [UNDO] resetHistory undo=0 redo=0
[18:15:20.654] [UNDO] resetHistory undo=0 redo=0
[12:57:56.286] [UNDO] resetHistory undo=0 redo=0
[21:43:28.070] [UNDO] resetHistory undo=0 redo=0
[22:02:52.222] [UNDO] resetHistory undo=0 redo=0
[22:03:10.892] [UNDO] currentSnapshot cursor=bi=0 path=[] off=0 | L1:0 [|·|] | undo=0 redo=0
[22:03:10.892] [UNDO] beginUndoGroup snapshot cursor=bi=0 path=[] off=0 | L1:0 [|·|] | undo=0 redo=0
[22:03:10.892] [UNDO] commit cursor=bi=0 path=[0] off=0 | L1:4 [|·|]
[22:03:10.893] [UNDO] restoreCursor bi=0 path=[0] off=0
[22:03:10.894] [UNDO] recordGroup kind=insert post=bi=0 path=[0] off=0 | L1:4 [### |翻|译（产品文档风格]
[22:03:10.894] [UNDO] splitParagraph block=heading pre=bi=0 path=[0] off=0 | L1:4 [### |翻|译（产品文档风格] new=bi=0 path=[] off=0 | L1:4 [### |翻|译（产品文档风格] srcLines=["", "### 翻译（产品文档风格，适合英文PRD）"]
[22:03:10.894] [UNDO] splitParagraph BEFORE  cursor-line=1
>>> L1: "### 翻译（产品文档风格，适合英文PRD）"
[22:03:10.894] [UNDO] splitParagraph AFTER   cursor-line=1
>>> L1: ""
    L2: "### 翻译（产品文档风格，适合英文PRD）"
[22:03:10.895] [UNDO] recordGroup kind=enter post=bi=0 path=[] off=0 | L1:0 [|·|]
[22:03:10.895] [UNDO] commit cursor=bi=0 path=[0] off=38 | L1:38 [|·|]
[22:03:10.895] [UNDO] restoreCursor bi=0 path=[0] off=38
[22:03:10.895] [UNDO] recordGroup kind=insert post=bi=0 path=[0] off=38 | L1:38 [nality**|·|]
[22:03:10.895] [UNDO] splitParagraph block=paragraph pre=bi=0 path=[0] off=38 | L1:38 [nality**|·|] new=bi=1 path=[] off=0 | L2:4 [### |翻|译（产品文档风格] srcLines=["**Fully‑featured image functionality**", ""]
[22:03:10.895] [UNDO] splitParagraph BEFORE  cursor-line=1
>>> L1: "**Fully‑featured image functionality**"
    L2: "### 翻译（产品文档风格，适合英文PRD）"
[22:03:10.895] [UNDO] splitParagraph AFTER   cursor-line=1
>>> L1: "**Fully‑featured image functionality**"
    L2: ""
    L3: "### 翻译（产品文档风格，适合英文PRD）"
[22:03:10.896] [UNDO] recordGroup kind=enter post=bi=1 path=[] off=0 | L2:4 [|·|]
[22:03:10.896] [UNDO] commit cursor=bi=0 path=[0] off=51 | L1:51 [|·|]
[22:03:10.896] [UNDO] restoreCursor bi=0 path=[0] off=51
[22:03:10.897] [UNDO] recordGroup kind=insert post=bi=0 path=[0] off=51 | L1:51 [本完善的图片功能|·|]
[22:03:10.897] [UNDO] splitParagraph block=paragraph pre=bi=0 path=[0] off=51 | L1:51 [本完善的图片功能|·|] new=bi=1 path=[] off=0 | L2:4 [|·|] srcLines=["**Fully‑featured image functionality**> 功能基本完善的图片功能", ""]
[22:03:10.897] [UNDO] splitParagraph BEFORE  cursor-line=1
>>> L1: "**Fully‑featured image functionality**> 功能基本完善的图片功能"
    L2: ""
    L3: "### 翻译（产品文档风格，适合英文PRD）"
[22:03:10.897] [UNDO] splitParagraph AFTER   cursor-line=1
>>> L1: "**Fully‑featured image functionality**> 功能基本完善的图片功能"
    L2: ""
    L3: ""
    L4: "### 翻译（产品文档风格，适合英文PRD）"
[22:03:10.897] [UNDO] recordGroup kind=enter post=bi=1 path=[] off=0 | L2:4 [|·|]
[22:03:10.897] [UNDO] splitParagraph block=paragraph pre=bi=0 path=[0] off=51 | L1:51 [本完善的图片功能|·|] new=bi=1 path=[] off=0 | L2:4 [|·|] srcLines=["**Fully‑featured image functionality**> 功能基本完善的图片功能", ""]
[22:03:10.897] [UNDO] splitParagraph BEFORE  cursor-line=1
>>> L1: "**Fully‑featured image functionality**> 功能基本完善的图片功能"
    L2: ""
    L3: ""
    L4: "### 翻译（产品文档风格，适合英文PRD）"
[22:03:10.897] [UNDO] splitParagraph AFTER   cursor-line=1
>>> L1: "**Fully‑featured image functionality**> 功能基本完善的图片功能"
    L2: ""
    L3: ""
    L4: ""
    L5: "### 翻译（产品文档风格，适合英文PRD）"
[22:03:10.897] [UNDO] recordGroup kind=enter post=bi=1 path=[] off=0 | L2:4 [|·|]
[22:03:10.897] [UNDO] commit cursor=bi=0 path=[0] off=63 | L1:63 [|·|]
[22:03:10.897] [UNDO] restoreCursor bi=0 path=[0] off=63
[22:03:10.898] [UNDO] recordGroup kind=insert post=bi=0 path=[0] off=63 | L1:63 [ 拆解&替换表达|·|]
[22:03:10.898] [UNDO] splitParagraph block=paragraph pre=bi=0 path=[0] off=63 | L1:63 [ 拆解&替换表达|·|] new=bi=1 path=[] off=0 | L2:4 [|·|] srcLines=["**Fully‑featured image functionality**> 功能基本完善的图片功能#### 拆解&替换表达", ""]
[22:03:10.898] [UNDO] splitParagraph BEFORE  cursor-line=1
>>> L1: "**Fully‑featured image functionality**> 功能基本完善的图片功能#### 拆解&替换表达"
    L2: ""
    L3: ""
    L4: ""
    L5: "### 翻译（产品文档风格，适合英文PRD）"
[22:03:10.898] [UNDO] splitParagraph AFTER   cursor-line=1
>>> L1: "**Fully‑featured image functionality**> 功能基本完善的图片功能#### 拆解&替换表达"
    L2: ""
    L3: ""
    L4: ""
    L5: ""
[22:03:10.899] [UNDO] recordGroup kind=enter post=bi=1 path=[] off=0 | L2:4 [|·|]
[22:03:10.899] [UNDO] commit cursor=bi=0 path=[0] off=95 | L1:95 [|·|]
[22:03:10.899] [UNDO] restoreCursor bi=0 path=[0] off=95
[22:03:10.900] [UNDO] recordGroup kind=insert post=bi=0 path=[0] off=95 | L1:95 [产品高频形容词）|·|]
[22:03:10.900] [UNDO] splitParagraph block=paragraph pre=bi=0 path=[0] off=95 | L1:95 [产品高频形容词）|·|] new=bi=1 path=[] off=0 | L2:4 [|·|] srcLines=["**Fully‑featured image functionality**> 功能基本完善的图片功能#### 拆解&替换表达1. fully‑featured：功能完备的（产品高频形容词）", ""]
[22:03:10.900] [UNDO] splitParagraph BEFORE  cursor-line=1
>>> L1: "**Fully‑featured image functionality**> 功能基本完善的图片功能#### 拆解&替换表达1. fully‑featured：功能完备的（产品高频形容词）"
    L2: ""
    L3: ""
    L4: ""
    L5: ""
[22:03:10.900] [UNDO] splitParagraph AFTER   cursor-line=1
>>> L1: "**Fully‑featured image functionality**> 功能基本完善的图片功能#### 拆解&替换表达1. fully‑featured：功能完备的（产品高频形容词）"
    L2: ""
    L3: ""
    L4: ""
    L5: ""
[22:03:10.900] [UNDO] recordGroup kind=enter post=bi=1 path=[] off=0 | L2:4 [|·|]
[22:03:10.900] [UNDO] commit cursor=bi=0 path=[0] off=141 | L1:141 [|·|]
[22:03:10.900] [UNDO] restoreCursor bi=0 path=[0] off=141
[22:03:10.901] [UNDO] recordGroup kind=insert post=bi=0 path=[0] off=141 | L1:141 [features|·|]
[22:03:10.901] [UNDO] splitParagraph block=paragraph pre=bi=0 path=[0] off=141 | L1:141 [features|·|] new=bi=1 path=[] off=0 | L2:4 [|·|] srcLines=["**Fully‑featured image functionality**> 功能基本完善的图片功能#### 拆解&替换表达1. fully‑featured：功能完备的（产品高频形容词）2. image functionality：图片功能；也可写 image features", ""]
[22:03:10.901] [UNDO] splitParagraph BEFORE  cursor-line=1
>>> L1: "**Fully‑featured image functionality**> 功能基本完善的图片功能#### 拆解&替换表达1. fully‑featured：功能完备的（产品高频形容词）2. image functionality：图片功能；也可写 image features"
    L2: ""
    L3: ""
    L4: ""
    L5: ""
[22:03:10.901] [UNDO] splitParagraph AFTER   cursor-line=1
>>> L1: "**Fully‑featured image functionality**> 功能基本完善的图片功能#### 拆解&替换表达1. fully‑featured：功能完备的（产品高频形容词）2. image functionality：图片功能；也可写 image features"
    L2: ""
    L3: ""
    L4: ""
    L5: ""
[22:03:10.901] [UNDO] recordGroup kind=enter post=bi=1 path=[] off=0 | L2:4 [|·|]
[22:03:10.901] [UNDO] splitParagraph block=paragraph pre=bi=0 path=[0] off=141 | L1:141 [features|·|] new=bi=1 path=[] off=0 | L2:4 [|·|] srcLines=["**Fully‑featured image functionality**> 功能基本完善的图片功能#### 拆解&替换表达1. fully‑featured：功能完备的（产品高频形容词）2. image functionality：图片功能；也可写 image features", ""]
[22:03:10.901] [UNDO] splitParagraph BEFORE  cursor-line=1
>>> L1: "**Fully‑featured image functionality**> 功能基本完善的图片功能#### 拆解&替换表达1. fully‑featured：功能完备的（产品高频形容词）2. image functionality：图片功能；也可写 image features"
    L2: ""
    L3: ""
    L4: ""
    L5: ""
[22:03:10.901] [UNDO] splitParagraph AFTER   cursor-line=1
>>> L1: "**Fully‑featured image functionality**> 功能基本完善的图片功能#### 拆解&替换表达1. fully‑featured：功能完备的（产品高频形容词）2. image functionality：图片功能；也可写 image features"
    L2: ""
    L3: ""
    L4: ""
    L5: ""
[22:03:10.901] [UNDO] recordGroup kind=enter post=bi=1 path=[] off=0 | L2:4 [|·|]
[22:03:10.901] [UNDO] commit cursor=bi=0 path=[0] off=149 | L1:149 [|·|]
[22:03:10.901] [UNDO] restoreCursor bi=0 path=[0] off=149
[22:03:10.902] [UNDO] recordGroup kind=insert post=bi=0 path=[0] off=149 | L1:149 [##### 备选|·|]
[22:03:10.902] [UNDO] splitParagraph block=paragraph pre=bi=0 path=[0] off=149 | L1:149 [##### 备选|·|] new=bi=1 path=[] off=0 | L2:4 [|·|] srcLines=["**Fully‑featured image functionality**> 功能基本完善的图片功能#### 拆解&替换表达1. fully‑featured：功能完备的（产品高频形容词）2. image functionality：图片功能；也可写 image features##### 备选", ""]
[22:03:10.902] [UNDO] splitParagraph BEFORE  cursor-line=1
>>> L1: "**Fully‑featured image functionality**> 功能基本完善的图片功能#### 拆解&替换表达1. fully‑featured：功能完备的（产品高频形容词）2. image functionality：图片功能；也可写 image features##### 备选"
    L2: ""
    L3: ""
    L4: ""
    L5: ""
[22:03:10.902] [UNDO] splitParagraph AFTER   cursor-line=1
>>> L1: "**Fully‑featured image functionality**> 功能基本完善的图片功能#### 拆解&替换表达1. fully‑featured：功能完备的（产品高频形容词）2. image functionality：图片功能；也可写 image features##### 备选"
    L2: ""
    L3: ""
    L4: ""
    L5: ""
[22:03:10.902] [UNDO] recordGroup kind=enter post=bi=1 path=[] off=0 | L2:4 [|·|]
[22:03:10.902] [UNDO] commit cursor=bi=0 path=[0] off=191 | L1:191 [|·|]
[22:03:10.903] [UNDO] restoreCursor bi=0 path=[0] off=191
[22:03:10.904] [UNDO] recordGroup kind=insert post=bi=0 path=[0] off=191 | L1:191 [口语/需求描述）|·|]
[22:03:10.904] [UNDO] splitParagraph block=paragraph pre=bi=0 path=[0] off=191 | L1:191 [口语/需求描述）|·|] new=bi=1 path=[] off=0 | L2:4 [|·|] srcLines=["**Fully‑featured image functionality**> 功能基本完善的图片功能#### 拆解&替换表达1. fully‑featured：功能完备的（产品高频形容词）2. image functionality：图片功能；也可写 image features##### 备选- Well‑developed image features （偏口语/需求描述）", ""]
[22:03:10.904] [UNDO] splitParagraph BEFORE  cursor-line=1
>>> L1: "**Fully‑featured image functionality**> 功能基本完善的图片功能#### 拆解&替换表达1. fully‑featured：功能完备的（产品高频形容词）2. image functionality：图片功能；也可写 image features##### 备选- Well‑developed image features （偏口语/需求描述）"
    L2: ""
    L3: ""
    L4: ""
    L5: ""
[22:03:10.904] [UNDO] splitParagraph AFTER   cursor-line=1
>>> L1: "**Fully‑featured image functionality**> 功能基本完善的图片功能#### 拆解&替换表达1. fully‑featured：功能完备的（产品高频形容词）2. image functionality：图片功能；也可写 image features##### 备选- Well‑developed image features （偏口语/需求描述）"
    L2: ""
    L3: ""
    L4: ""
    L5: ""
[22:03:10.904] [UNDO] recordGroup kind=enter post=bi=1 path=[] off=0 | L2:4 [|·|]
[22:03:10.904] [UNDO] commit cursor=bi=0 path=[0] off=219 | L1:219 [|·|]
[22:03:10.905] [UNDO] restoreCursor bi=0 path=[0] off=219
[22:03:10.906] [UNDO] recordGroup kind=insert post=bi=0 path=[0] off=219 | L1:219 [e 成熟图片模块|·|]
[22:03:10.906] [UNDO] splitParagraph block=paragraph pre=bi=0 path=[0] off=219 | L1:219 [e 成熟图片模块|·|] new=bi=1 path=[] off=0 | L2:4 [|·|] srcLines=["**Fully‑featured image functionality**> 功能基本完善的图片功能#### 拆解&替换表达1. fully‑featured：功能完备的（产品高频形容词）2. image functionality：图片功能；也可写 image features##### 备选- Well‑developed image features （偏口语/需求描述）- Mature image module 成熟图片模块", ""]
[22:03:10.906] [UNDO] splitParagraph BEFORE  cursor-line=1
>>> L1: "**Fully‑featured image functionality**> 功能基本完善的图片功能#### 拆解&替换表达1. fully‑featured：功能完备的（产品高频形容词）2. image functionality：图片功能；也可写 image features##### 备选- Well‑developed image features （偏口语/需求描述）- Mature image module 成熟图片模块"
    L2: ""
    L3: ""
    L4: ""
    L5: ""
[22:03:10.906] [UNDO] splitParagraph AFTER   cursor-line=1
>>> L1: "**Fully‑featured image functionality**> 功能基本完善的图片功能#### 拆解&替换表达1. fully‑featured：功能完备的（产品高频形容词）2. image functionality：图片功能；也可写 image features##### 备选- Well‑developed image features （偏口语/需求描述）- Mature image module 成熟图片模块"
    L2: ""
    L3: ""
    L4: ""
    L5: ""
[22:03:10.907] [UNDO] recordGroup kind=enter post=bi=1 path=[] off=0 | L2:4 [|·|]
[22:03:10.907] [UNDO] splitParagraph block=paragraph pre=bi=0 path=[0] off=219 | L1:219 [e 成熟图片模块|·|] new=bi=1 path=[] off=0 | L2:4 [|·|] srcLines=["**Fully‑featured image functionality**> 功能基本完善的图片功能#### 拆解&替换表达1. fully‑featured：功能完备的（产品高频形容词）2. image functionality：图片功能；也可写 image features##### 备选- Well‑developed image features （偏口语/需求描述）- Mature image module 成熟图片模块", ""]
[22:03:10.907] [UNDO] splitParagraph BEFORE  cursor-line=1
>>> L1: "**Fully‑featured image functionality**> 功能基本完善的图片功能#### 拆解&替换表达1. fully‑featured：功能完备的（产品高频形容词）2. image functionality：图片功能；也可写 image features##### 备选- Well‑developed image features （偏口语/需求描述）- Mature image module 成熟图片模块"
    L2: ""
    L3: ""
    L4: ""
    L5: ""
[22:03:10.907] [UNDO] splitParagraph AFTER   cursor-line=1
>>> L1: "**Fully‑featured image functionality**> 功能基本完善的图片功能#### 拆解&替换表达1. fully‑featured：功能完备的（产品高频形容词）2. image functionality：图片功能；也可写 image features##### 备选- Well‑developed image features （偏口语/需求描述）- Mature image module 成熟图片模块"
    L2: ""
    L3: ""
    L4: ""
    L5: ""
[22:03:10.907] [UNDO] recordGroup kind=enter post=bi=1 path=[] off=0 | L2:4 [|·|]
[22:03:10.908] [UNDO] commit cursor=bi=0 path=[0] off=222 | L1:222 [熟图片模块|·|]
[22:03:10.908] [UNDO] restoreCursor bi=0 path=[0] off=222
[22:03:10.909] [UNDO] recordGroup kind=insert post=bi=0 path=[0] off=222 | L1:222 [熟图片模块---|·|]
[22:03:10.909] [UNDO] splitParagraph block=paragraph pre=bi=0 path=[0] off=222 | L1:222 [熟图片模块---|·|] new=bi=1 path=[] off=0 | L2:4 [|·|] srcLines=["**Fully‑featured image functionality**> 功能基本完善的图片功能#### 拆解&替换表达1. fully‑featured：功能完备的（产品高频形容词）2. image functionality：图片功能；也可写 image features##### 备选- Well‑developed image features （偏口语/需求描述）- Mature image module 成熟图片模块---", ""]
[22:03:10.909] [UNDO] splitParagraph BEFORE  cursor-line=1
>>> L1: "**Fully‑featured image functionality**> 功能基本完善的图片功能#### 拆解&替换表达1. fully‑featured：功能完备的（产品高频形容词）2. image functionality：图片功能；也可写 image features##### 备选- Well‑developed image features （偏口语/需求描述）- Mature image module 成熟图片模块---"
    L2: ""
    L3: ""
    L4: ""
    L5: ""
[22:03:10.909] [UNDO] splitParagraph AFTER   cursor-line=1
>>> L1: "**Fully‑featured image functionality**> 功能基本完善的图片功能#### 拆解&替换表达1. fully‑featured：功能完备的（产品高频形容词）2. image functionality：图片功能；也可写 image features##### 备选- Well‑developed image features （偏口语/需求描述）- Mature image module 成熟图片模块---"
    L2: ""
    L3: ""
    L4: ""
    L5: ""
[22:03:10.909] [UNDO] recordGroup kind=enter post=bi=1 path=[] off=0 | L2:4 [|·|]
[22:03:10.909] [UNDO] commit cursor=bi=0 path=[0] off=230 | L1:230 [|·|]
[22:03:10.910] [UNDO] restoreCursor bi=0 path=[0] off=230
[22:03:10.911] [UNDO] recordGroup kind=insert post=bi=0 path=[0] off=230 | L1:230 [### 完整例句|·|]
[22:03:10.911] [UNDO] splitParagraph block=paragraph pre=bi=0 path=[0] off=230 | L1:230 [### 完整例句|·|] new=bi=1 path=[] off=0 | L2:4 [|·|] srcLines=["**Fully‑featured image functionality**> 功能基本完善的图片功能#### 拆解&替换表达1. fully‑featured：功能完备的（产品高频形容词）2. image functionality：图片功能；也可写 image features##### 备选- Well‑developed image features （偏口语/需求描述）- Mature image module 成熟图片模块---### 完整例句", ""]
[22:03:10.911] [UNDO] splitParagraph BEFORE  cursor-line=1
>>> L1: "**Fully‑featured image functionality**> 功能基本完善的图片功能#### 拆解&替换表达1. fully‑featured：功能完备的（产品高频形容词）2. image functionality：图片功能；也可写 image features##### 备选- Well‑developed image features （偏口语/需求描述）- Mature image module 成熟图片模块---### 完整例句"
    L2: ""
    L3: ""
    L4: ""
    L5: ""
[22:03:10.911] [UNDO] splitParagraph AFTER   cursor-line=1
>>> L1: "**Fully‑featured image functionality**> 功能基本完善的图片功能#### 拆解&替换表达1. fully‑featured：功能完备的（产品高频形容词）2. image functionality：图片功能；也可写 image features##### 备选- Well‑developed image features （偏口语/需求描述）- Mature image module 成熟图片模块---### 完整例句"
    L2: ""
    L3: ""
    L4: ""
    L5: ""
[22:03:10.911] [UNDO] recordGroup kind=enter post=bi=1 path=[] off=0 | L2:4 [|·|]
[22:03:10.911] [UNDO] commit cursor=bi=0 path=[0] off=252 | L1:252 [|·|]
[22:03:10.912] [UNDO] restoreCursor bi=0 path=[0] off=252
[22:03:10.913] [UNDO] recordGroup kind=insert post=bi=0 path=[0] off=252 | L1:252 [完善的图片功能。|·|]
[22:03:10.913] [UNDO] splitParagraph block=paragraph pre=bi=0 path=[0] off=252 | L1:252 [完善的图片功能。|·|] new=bi=1 path=[] off=0 | L2:4 [|·|] srcLines=["**Fully‑featured image functionality**> 功能基本完善的图片功能#### 拆解&替换表达1. fully‑featured：功能完备的（产品高频形容词）2. image functionality：图片功能；也可写 image features##### 备选- Well‑developed image features （偏口语/需求描述）- Mature image module 成熟图片模块---### 完整例句1. 这个系统搭载了功能基本完善的图片功能。", ""]
[22:03:10.913] [UNDO] splitParagraph BEFORE  cursor-line=1
>>> L1: "**Fully‑featured image functionality**> 功能基本完善的图片功能#### 拆解&替换表达1. fully‑featured：功能完备的（产品高频形容词）2. image functionality：图片功能；也可写 image features##### 备选- Well‑developed image features （偏口语/需求描述）- Mature image module 成熟图片模块---### 完整例句1. 这个系统搭载了功能基本完善的图片功能。"
    L2: ""
    L3: ""
    L4: ""
    L5: ""
[22:03:10.913] [UNDO] splitParagraph AFTER   cursor-line=1
>>> L1: "**Fully‑featured image functionality**> 功能基本完善的图片功能#### 拆解&替换表达1. fully‑featured：功能完备的（产品高频形容词）2. image functionality：图片功能；也可写 image features##### 备选- Well‑developed image features （偏口语/需求描述）- Mature image module 成熟图片模块---### 完整例句1. 这个系统搭载了功能基本完善的图片功能。"
    L2: ""
    L3: ""
    L4: ""
    L5: ""
[22:03:10.913] [UNDO] recordGroup kind=enter post=bi=1 path=[] off=0 | L2:4 [|·|]
[22:03:10.913] [UNDO] commit cursor=bi=0 path=[0] off=310 | L1:310 [|·|]
[22:03:10.913] [UNDO] restoreCursor bi=0 path=[0] off=310
[22:03:10.914] [UNDO] recordGroup kind=insert post=bi=0 path=[0] off=310 | L1:310 [onality.|·|]
[22:03:10.914] [UNDO] splitParagraph block=paragraph pre=bi=0 path=[0] off=310 | L1:310 [onality.|·|] new=bi=1 path=[] off=0 | L2:4 [|·|] srcLines=["**Fully‑featured image functionality**> 功能基本完善的图片功能#### 拆解&替换表达1. fully‑featured：功能完备的（产品高频形容词）2. image functionality：图片功能；也可写 image features##### 备选- Well‑developed image features （偏口语/需求描述）- Mature image module 成熟图片模块---### 完整例句1. 这个系统搭载了功能基本完善的图片功能。This system comes with fully‑featured image functionality.", ""]
[22:03:10.914] [UNDO] splitParagraph BEFORE  cursor-line=1
>>> L1: "**Fully‑featured image functionality**> 功能基本完善的图片功能#### 拆解&替换表达1. fully‑featured：功能完备的（产品高频形容词）2. image functionality：图片功能；也可写 image features##### 备选- Well‑developed image features （偏口语/需求描述）- Mature image module 成熟图片模块---### 完整例句1. 这个系统搭载了功能基本完善的图片功能。This system comes with fully‑featured image functionality."
    L2: ""
    L3: ""
    L4: ""
    L5: ""
[22:03:10.914] [UNDO] splitParagraph AFTER   cursor-line=1
>>> L1: "**Fully‑featured image functionality**> 功能基本完善的图片功能#### 拆解&替换表达1. fully‑featured：功能完备的（产品高频形容词）2. image functionality：图片功能；也可写 image features##### 备选- Well‑developed image features （偏口语/需求描述）- Mature image module 成熟图片模块---### 完整例句1. 这个系统搭载了功能基本完善的图片功能。This system comes with fully‑featured image functionality."
    L2: ""
    L3: ""
    L4: ""
    L5: ""
[22:03:10.914] [UNDO] recordGroup kind=enter post=bi=1 path=[] off=0 | L2:4 [|·|]
[22:03:10.914] [UNDO] splitParagraph block=paragraph pre=bi=0 path=[0] off=310 | L1:310 [onality.|·|] new=bi=1 path=[] off=0 | L2:4 [|·|] srcLines=["**Fully‑featured image functionality**> 功能基本完善的图片功能#### 拆解&替换表达1. fully‑featured：功能完备的（产品高频形容词）2. image functionality：图片功能；也可写 image features##### 备选- Well‑developed image features （偏口语/需求描述）- Mature image module 成熟图片模块---### 完整例句1. 这个系统搭载了功能基本完善的图片功能。This system comes with fully‑featured image functionality.", ""]
[22:03:10.914] [UNDO] splitParagraph BEFORE  cursor-line=1
>>> L1: "**Fully‑featured image functionality**> 功能基本完善的图片功能#### 拆解&替换表达1. fully‑featured：功能完备的（产品高频形容词）2. image functionality：图片功能；也可写 image features##### 备选- Well‑developed image features （偏口语/需求描述）- Mature image module 成熟图片模块---### 完整例句1. 这个系统搭载了功能基本完善的图片功能。This system comes with fully‑featured image functionality."
    L2: ""
    L3: ""
    L4: ""
    L5: ""
[22:03:10.914] [UNDO] splitParagraph AFTER   cursor-line=1
>>> L1: "**Fully‑featured image functionality**> 功能基本完善的图片功能#### 拆解&替换表达1. fully‑featured：功能完备的（产品高频形容词）2. image functionality：图片功能；也可写 image features##### 备选- Well‑developed image features （偏口语/需求描述）- Mature image module 成熟图片模块---### 完整例句1. 这个系统搭载了功能基本完善的图片功能。This system comes with fully‑featured image functionality."
    L2: ""
    L3: ""
    L4: ""
    L5: ""
[22:03:10.914] [UNDO] recordGroup kind=enter post=bi=1 path=[] off=0 | L2:4 [|·|]
[22:03:10.914] [UNDO] commit cursor=bi=0 path=[0] off=332 | L1:332 [|·|]
[22:03:10.915] [UNDO] restoreCursor bi=0 path=[0] off=332
[22:03:10.916] [UNDO] recordGroup kind=insert post=bi=0 path=[0] off=332 | L1:332 [完善的图片功能。|·|]
[22:03:10.916] [UNDO] splitParagraph block=paragraph pre=bi=0 path=[0] off=332 | L1:332 [完善的图片功能。|·|] new=bi=1 path=[] off=0 | L2:4 [|·|] srcLines=["**Fully‑featured image functionality**> 功能基本完善的图片功能#### 拆解&替换表达1. fully‑featured：功能完备的（产品高频形容词）2. image functionality：图片功能；也可写 image features##### 备选- Well‑developed image features （偏口语/需求描述）- Mature image module 成熟图片模块---### 完整例句1. 这个系统搭载了功能基本完善的图片功能。This system comes with fully‑featured image functionality.2. 该版本尚未具备功能基本完善的图片功能。", ""]
[22:03:10.916] [UNDO] splitParagraph BEFORE  cursor-line=1
>>> L1: "**Fully‑featured image functionality**> 功能基本完善的图片功能#### 拆解&替换表达1. fully‑featured：功能完备的（产品高频形容词）2. image functionality：图片功能；也可写 image features##### 备选- Well‑developed image features （偏口语/需求描述）- Mature image module 成熟图片模块---### 完整例句1. 这个系统搭载了功能基本完善的图片功能。This system comes with fully‑featured image functionality.2. 该版本尚未具备功能基本完善的图片功能。"
    L2: ""
    L3: ""
    L4: ""
    L5: ""
[22:03:10.916] [UNDO] splitParagraph AFTER   cursor-line=1
>>> L1: "**Fully‑featured image functionality**> 功能基本完善的图片功能#### 拆解&替换表达1. fully‑featured：功能完备的（产品高频形容词）2. image functionality：图片功能；也可写 image features##### 备选- Well‑developed image features （偏口语/需求描述）- Mature image module 成熟图片模块---### 完整例句1. 这个系统搭载了功能基本完善的图片功能。This system comes with fully‑featured image functionality.2. 该版本尚未具备功能基本完善的图片功能。"
    L2: ""
    L3: ""
    L4: ""
    L5: ""
[22:03:10.916] [UNDO] recordGroup kind=enter post=bi=1 path=[] off=0 | L2:4 [|·|]
[22:03:10.916] [UNDO] commit cursor=bi=0 path=[0] off=393 | L1:393 [|·|]
[22:03:10.916] [UNDO] restoreCursor bi=0 path=[0] off=393
[22:03:10.917] [UNDO] recordGroup kind=insert post=bi=0 path=[0] off=393 | L1:393 [eatures.|·|]
[22:03:10.917] [UNDO] splitParagraph block=paragraph pre=bi=0 path=[0] off=393 | L1:393 [eatures.|·|] new=bi=1 path=[] off=0 | L2:4 [|·|] srcLines=["**Fully‑featured image functionality**> 功能基本完善的图片功能#### 拆解&替换表达1. fully‑featured：功能完备的（产品高频形容词）2. image functionality：图片功能；也可写 image features##### 备选- Well‑developed image features （偏口语/需求描述）- Mature image module 成熟图片模块---### 完整例句1. 这个系统搭载了功能基本完善的图片功能。This system comes with fully‑featured image functionality.2. 该版本尚未具备功能基本完善的图片功能。This version does not yet have fully‑featured image features.", ""]
[22:03:10.917] [UNDO] splitParagraph BEFORE  cursor-line=1
>>> L1: "**Fully‑featured image functionality**> 功能基本完善的图片功能#### 拆解&替换表达1. fully‑featured：功能完备的（产品高频形容词）2. image functionality：图片功能；也可写 image features##### 备选- Well‑developed image features （偏口语/需求描述）- Mature image module 成熟图片模块---### 完整例句1. 这个系统搭载了功能基本完善的图片功能。This system comes with fully‑featured image functionality.2. 该版本尚未具备功能基本完善的图片功能。This version does not yet have fully‑featured image features."
    L2: ""
    L3: ""
    L4: ""
    L5: ""
[22:03:10.917] [UNDO] splitParagraph AFTER   cursor-line=1
>>> L1: "**Fully‑featured image functionality**> 功能基本完善的图片功能#### 拆解&替换表达1. fully‑featured：功能完备的（产品高频形容词）2. image functionality：图片功能；也可写 image features##### 备选- Well‑developed image features （偏口语/需求描述）- Mature image module 成熟图片模块---### 完整例句1. 这个系统搭载了功能基本完善的图片功能。This system comes with fully‑featured image functionality.2. 该版本尚未具备功能基本完善的图片功能。This version does not yet have fully‑featured image features."
    L2: ""
    L3: ""
    L4: ""
    L5: ""
[22:03:10.917] [UNDO] recordGroup kind=enter post=bi=1 path=[] off=0 | L2:4 [|·|]
[22:03:10.917] [UNDO] splitParagraph block=paragraph pre=bi=0 path=[0] off=393 | L1:393 [eatures.|·|] new=bi=1 path=[] off=0 | L2:4 [|·|] srcLines=["**Fully‑featured image functionality**> 功能基本完善的图片功能#### 拆解&替换表达1. fully‑featured：功能完备的（产品高频形容词）2. image functionality：图片功能；也可写 image features##### 备选- Well‑developed image features （偏口语/需求描述）- Mature image module 成熟图片模块---### 完整例句1. 这个系统搭载了功能基本完善的图片功能。This system comes with fully‑featured image functionality.2. 该版本尚未具备功能基本完善的图片功能。This version does not yet have fully‑featured image features.", ""]
[22:03:10.917] [UNDO] splitParagraph BEFORE  cursor-line=1
>>> L1: "**Fully‑featured image functionality**> 功能基本完善的图片功能#### 拆解&替换表达1. fully‑featured：功能完备的（产品高频形容词）2. image functionality：图片功能；也可写 image features##### 备选- Well‑developed image features （偏口语/需求描述）- Mature image module 成熟图片模块---### 完整例句1. 这个系统搭载了功能基本完善的图片功能。This system comes with fully‑featured image functionality.2. 该版本尚未具备功能基本完善的图片功能。This version does not yet have fully‑featured image features."
    L2: ""
    L3: ""
    L4: ""
    L5: ""
[22:03:10.917] [UNDO] splitParagraph AFTER   cursor-line=1
>>> L1: "**Fully‑featured image functionality**> 功能基本完善的图片功能#### 拆解&替换表达1. fully‑featured：功能完备的（产品高频形容词）2. image functionality：图片功能；也可写 image features##### 备选- Well‑developed image features （偏口语/需求描述）- Mature image module 成熟图片模块---### 完整例句1. 这个系统搭载了功能基本完善的图片功能。This system comes with fully‑featured image functionality.2. 该版本尚未具备功能基本完善的图片功能。This version does not yet have fully‑featured image features."
    L2: ""
    L3: ""
    L4: ""
    L5: ""
[22:03:10.917] [UNDO] recordGroup kind=enter post=bi=1 path=[] off=0 | L2:4 [|·|]
[22:03:10.917] [UNDO] commit cursor=bi=0 path=[0] off=451 | L1:451 [|·|]
[22:03:10.918] [UNDO] restoreCursor bi=0 path=[0] off=451
[22:03:10.919] [UNDO] recordGroup kind=insert post=bi=0 path=[0] off=451 | L1:451 [sically。|·|]
[22:03:10.919] [UNDO] endUndoGroup pushed cursor=bi=0 path=[] off=0 | L1:0 [|*|*Fully‑f] | undo=1 redo=0
[22:03:10.919] [UNDO] splitParagraph re-rendered blocks=2 block[1].type=heading items=-
[22:03:10.919] [UNDO] splitParagraph re-rendered, restore new cursor=bi=1 path=[] off=0 | L2:4 [|·|]
[22:03:10.919] [UNDO] restoreCursor bi=1 path=[] off=0
[22:03:10.919] [UNDO] splitParagraph re-rendered blocks=2 block[1].type=heading items=-
[22:03:10.919] [UNDO] splitParagraph re-rendered, restore new cursor=bi=1 path=[] off=0 | L2:4 [|·|]
[22:03:10.919] [UNDO] restoreCursor bi=1 path=[] off=0
[22:03:10.919] [UNDO] splitParagraph re-rendered blocks=2 block[1].type=heading items=-
[22:03:10.919] [UNDO] splitParagraph re-rendered, restore new cursor=bi=1 path=[] off=0 | L2:4 [|·|]
[22:03:10.919] [UNDO] restoreCursor bi=1 path=[] off=0
[22:03:10.919] [UNDO] splitParagraph re-rendered blocks=2 block[1].type=heading items=-
[22:03:10.920] [UNDO] splitParagraph re-rendered, restore new cursor=bi=1 path=[] off=0 | L2:4 [|·|]
[22:03:10.920] [UNDO] restoreCursor bi=1 path=[] off=0
[22:03:10.920] [UNDO] splitParagraph re-rendered blocks=2 block[1].type=heading items=-
[22:03:10.920] [UNDO] splitParagraph re-rendered, restore new cursor=bi=1 path=[] off=0 | L2:4 [|·|]
[22:03:10.920] [UNDO] restoreCursor bi=1 path=[] off=0
[22:03:10.920] [UNDO] splitParagraph re-rendered blocks=2 block[1].type=heading items=-
[22:03:10.920] [UNDO] splitParagraph re-rendered, restore new cursor=bi=1 path=[] off=0 | L2:4 [|·|]
[22:03:10.920] [UNDO] restoreCursor bi=1 path=[] off=0
[22:03:10.920] [UNDO] splitParagraph re-rendered blocks=2 block[1].type=heading items=-
[22:03:10.920] [UNDO] splitParagraph re-rendered, restore new cursor=bi=1 path=[] off=0 | L2:4 [|·|]
[22:03:10.920] [UNDO] restoreCursor bi=1 path=[] off=0
[22:03:10.920] [UNDO] splitParagraph re-rendered blocks=2 block[1].type=heading items=-
[22:03:10.920] [UNDO] splitParagraph re-rendered, restore new cursor=bi=1 path=[] off=0 | L2:4 [|·|]
[22:03:10.920] [UNDO] restoreCursor bi=1 path=[] off=0
[22:03:10.920] [UNDO] splitParagraph re-rendered blocks=2 block[1].type=heading items=-
[22:03:10.920] [UNDO] splitParagraph re-rendered, restore new cursor=bi=1 path=[] off=0 | L2:4 [|·|]
[22:03:10.920] [UNDO] restoreCursor bi=1 path=[] off=0
[22:03:10.920] [UNDO] splitParagraph re-rendered blocks=2 block[1].type=heading items=-
[22:03:10.920] [UNDO] splitParagraph re-rendered, restore new cursor=bi=1 path=[] off=0 | L2:4 [|·|]
[22:03:10.920] [UNDO] restoreCursor bi=1 path=[] off=0
[22:03:10.920] [UNDO] splitParagraph re-rendered blocks=2 block[1].type=heading items=-
[22:03:10.920] [UNDO] splitParagraph re-rendered, restore new cursor=bi=1 path=[] off=0 | L2:4 [|·|]
[22:03:10.920] [UNDO] restoreCursor bi=1 path=[] off=0
[22:03:10.920] [UNDO] splitParagraph re-rendered blocks=2 block[1].type=heading items=-
[22:03:10.920] [UNDO] splitParagraph re-rendered, restore new cursor=bi=1 path=[] off=0 | L2:4 [|·|]
[22:03:10.920] [UNDO] restoreCursor bi=1 path=[] off=0
[22:03:10.920] [UNDO] splitParagraph re-rendered blocks=2 block[1].type=heading items=-
[22:03:10.920] [UNDO] splitParagraph re-rendered, restore new cursor=bi=1 path=[] off=0 | L2:4 [|·|]
[22:03:10.920] [UNDO] restoreCursor bi=1 path=[] off=0
[22:03:10.920] [UNDO] splitParagraph re-rendered blocks=2 block[1].type=heading items=-
[22:03:10.920] [UNDO] splitParagraph re-rendered, restore new cursor=bi=1 path=[] off=0 | L2:4 [|·|]
[22:03:10.920] [UNDO] restoreCursor bi=1 path=[] off=0
[22:03:10.920] [UNDO] splitParagraph re-rendered blocks=2 block[1].type=heading items=-
[22:03:10.920] [UNDO] splitParagraph re-rendered, restore new cursor=bi=1 path=[] off=0 | L2:4 [|·|]
[22:03:10.920] [UNDO] restoreCursor bi=1 path=[] off=0
[22:03:10.920] [UNDO] splitParagraph re-rendered blocks=2 block[1].type=heading items=-
[22:03:10.920] [UNDO] splitParagraph re-rendered, restore new cursor=bi=1 path=[] off=0 | L2:4 [|·|]
[22:03:10.920] [UNDO] restoreCursor bi=1 path=[] off=0
[22:03:10.920] [UNDO] splitParagraph re-rendered blocks=2 block[1].type=heading items=-
[22:03:10.920] [UNDO] splitParagraph re-rendered, restore new cursor=bi=1 path=[] off=0 | L2:4 [|·|]
[22:03:10.920] [UNDO] restoreCursor bi=1 path=[] off=0
[22:03:10.920] [UNDO] splitParagraph re-rendered blocks=2 block[1].type=heading items=-
[22:03:10.920] [UNDO] splitParagraph re-rendered, restore new cursor=bi=1 path=[] off=0 | L2:4 [|·|]
[22:03:10.920] [UNDO] restoreCursor bi=1 path=[] off=0
[22:03:10.920] [UNDO] splitParagraph re-rendered blocks=2 block[1].type=heading items=-
[22:03:10.920] [UNDO] splitParagraph re-rendered, restore new cursor=bi=1 path=[] off=0 | L2:4 [|·|]
[22:03:10.920] [UNDO] restoreCursor bi=1 path=[] off=0
[22:03:10.921] [UNDO] splitParagraph re-rendered blocks=21 block[0].type=paragraph items=-
[22:03:10.921] [UNDO] splitParagraph re-rendered, restore new cursor=bi=0 path=[] off=0 | L1:0 [|*|*Fully‑f]
[22:03:10.921] [UNDO] restoreCursor bi=0 path=[] off=0
[22:03:14.343] [UNDO] currentSnapshot cursor=bi=3 path=[] off=0 | L4:0 [|·|] | undo=1 redo=0
[22:03:14.343] [UNDO] undo -> apply cursor=bi=0 path=[] off=0 | L1:0 [|*|*Fully‑f] | undo=0 redo=1
[22:03:14.343] [UNDO] applySnapshot cursor=bi=0 path=[] off=0 | L1:0 [|*|*Fully‑f] bodyLen=0 | undo=0 redo=1
[22:03:14.344] [UNDO] applySnapshot done -> restoreCursor bi=0 path=[] off=0 | L1:0 [|·|]
[22:03:14.344] [UNDO] restoreCursor bi=0 path=[] off=0
[22:04:16.162] [UNDO] resetHistory undo=0 redo=1
[23:39:45.577] [UNDO] resetHistory undo=0 redo=0
[23:39:53.262] [UNDO] resetHistory undo=0 redo=0
[13:05:55.613] [UNDO] resetHistory undo=0 redo=0
