[15:37:28.615] [UNDO] resetHistory undo=0 redo=0
[15:37:29.274] [UNDO] resetHistory undo=0 redo=0
[15:37:36.846] [UNDO] resetHistory undo=0 redo=0
[15:37:42.895] [UNDO] resetHistory undo=0 redo=0
[15:37:44.259] [UNDO] resetHistory undo=0 redo=0
[15:37:45.447] [UNDO] resetHistory undo=0 redo=0
[15:37:48.945] [UNDO] resetHistory undo=0 redo=0
[15:24:50.487] [UNDO] resetHistory undo=0 redo=0
[15:35:30.231] [UNDO] resetHistory undo=0 redo=0
[15:42:53.358] [UNDO] resetHistory undo=0 redo=0
[15:43:41.943] [UNDO] beginUndo kind=insert force=false pre=bi=22 path=[2] off=5 | L23:62 [})\}$ 唯一|确|定。] coalesce=false | undo=0 redo=0
[15:43:41.943] [UNDO] recordUndo push pre=bi=22 path=[2] off=5 | L23:62 [})\}$ 唯一|确|定。] bodyLen=4007 | undo=1 redo=0
[15:43:41.943] [UNDO] commit cursor=bi=22 path=[2] off=6 | L23:63 [)\}$ 唯一确|定|。]
[15:43:41.955] [UNDO] restoreCursor bi=22 path=[2] off=6
[15:43:41.957] [UNDO] recordGroup kind=insert post=bi=22 path=[2] off=6 | L23:63 [)\}$ 唯一确|定|(。]
[15:43:44.640] [UNDO] beginUndo kind=insert force=true pre=bi=22 path=[2] off=6 | L23:63 [)\}$ 唯一确|定|(。] coalesce=false | undo=1 redo=0
[15:43:44.640] [UNDO] recordUndo push pre=bi=22 path=[2] off=6 | L23:63 [)\}$ 唯一确|定|(。] bodyLen=4008 | undo=2 redo=0
[15:43:44.640] [UNDO] commit cursor=bi=22 path=[2] off=7 | L23:64 [\}$ 唯一确定|(|。]
[15:43:44.650] [UNDO] restoreCursor bi=22 path=[2] off=7
[15:43:44.653] [UNDO] recordGroup kind=insert post=bi=22 path=[2] off=7 | L23:64 [\}$ 唯一确定|(|见。]
[15:43:48.105] [UNDO] beginUndo kind=insert force=true pre=bi=22 path=[2] off=7 | L23:64 [\}$ 唯一确定|(|见。] coalesce=false | undo=2 redo=0
[15:43:48.105] [UNDO] recordUndo push pre=bi=22 path=[2] off=7 | L23:64 [\}$ 唯一确定|(|见。] bodyLen=4009 | undo=3 redo=0
[15:43:48.105] [UNDO] commit cursor=bi=22 path=[2] off=10 | L23:67 [ 唯一确定(见。|·|]
[15:43:48.115] [UNDO] restoreCursor bi=22 path=[2] off=10
[15:43:48.117] [UNDO] recordGroup kind=insert post=bi=22 path=[2] off=10 | L23:67 [ 唯一确定(见F|F|T。]
[15:43:48.309] [UNDO] beginUndo kind=insert force=false pre=bi=22 path=[2] off=10 | L23:67 [ 唯一确定(见F|F|T。] coalesce=true | undo=3 redo=0
[15:43:48.309] [UNDO] commit cursor=bi=22 path=[2] off=11 | L23:68 [唯一确定(见FF|T|。]
[15:43:48.330] [UNDO] restoreCursor bi=22 path=[2] off=11
[15:43:48.333] [UNDO] recordGroup kind=insert post=bi=22 path=[2] off=11 | L23:68 [唯一确定(见FF|T|-。]
[15:43:49.071] [UNDO] beginUndo kind=insert force=false pre=bi=22 path=[2] off=11 | L23:68 [唯一确定(见FF|T|-。] coalesce=true | undo=3 redo=0
[15:43:49.071] [UNDO] commit cursor=bi=22 path=[2] off=12 | L23:69 [一确定(见FFT|-|。]
[15:43:49.082] [UNDO] restoreCursor bi=22 path=[2] off=12
[15:43:49.084] [UNDO] recordGroup kind=insert post=bi=22 path=[2] off=12 | L23:69 [一确定(见FFT|-|a。]
[15:43:49.287] [UNDO] beginUndo kind=insert force=false pre=bi=22 path=[2] off=12 | L23:69 [一确定(见FFT|-|a。] coalesce=true | undo=3 redo=0
[15:43:49.287] [UNDO] commit cursor=bi=22 path=[2] off=13 | L23:70 [确定(见FFT-|a|。]
[15:43:49.297] [UNDO] restoreCursor bi=22 path=[2] off=13
[15:43:49.299] [UNDO] recordGroup kind=insert post=bi=22 path=[2] off=13 | L23:70 [确定(见FFT-|a|p。]
[15:43:49.419] [UNDO] beginUndo kind=insert force=false pre=bi=22 path=[2] off=13 | L23:70 [确定(见FFT-|a|p。] coalesce=true | undo=3 redo=0
[15:43:49.419] [UNDO] commit cursor=bi=22 path=[2] off=14 | L23:71 [定(见FFT-a|p|。]
[15:43:49.430] [UNDO] restoreCursor bi=22 path=[2] off=14
[15:43:49.432] [UNDO] recordGroup kind=insert post=bi=22 path=[2] off=14 | L23:71 [定(见FFT-a|p|p。]
[15:43:49.612] [UNDO] beginUndo kind=insert force=false pre=bi=22 path=[2] off=14 | L23:71 [定(见FFT-a|p|p。] coalesce=true | undo=3 redo=0
[15:43:49.612] [UNDO] commit cursor=bi=22 path=[2] off=15 | L23:72 [(见FFT-ap|p|。]
[15:43:49.621] [UNDO] restoreCursor bi=22 path=[2] off=15
[15:43:49.623] [UNDO] recordGroup kind=insert post=bi=22 path=[2] off=15 | L23:72 [(见FFT-ap|p|e。]
[15:43:49.810] [UNDO] beginUndo kind=insert force=false pre=bi=22 path=[2] off=15 | L23:72 [(见FFT-ap|p|e。] coalesce=true | undo=3 redo=0
[15:43:49.810] [UNDO] commit cursor=bi=22 path=[2] off=16 | L23:73 [见FFT-app|e|。]
[15:43:49.821] [UNDO] restoreCursor bi=22 path=[2] off=16
[15:43:49.823] [UNDO] recordGroup kind=insert post=bi=22 path=[2] off=16 | L23:73 [见FFT-app|e|n。]
[15:43:49.998] [UNDO] beginUndo kind=insert force=false pre=bi=22 path=[2] off=16 | L23:73 [见FFT-app|e|n。] coalesce=true | undo=3 redo=0
[15:43:49.998] [UNDO] commit cursor=bi=22 path=[2] off=17 | L23:74 [FFT-appe|n|。]
[15:43:50.008] [UNDO] restoreCursor bi=22 path=[2] off=17
[15:43:50.010] [UNDO] recordGroup kind=insert post=bi=22 path=[2] off=17 | L23:74 [FFT-appe|n|d。]
[15:43:50.246] [UNDO] beginUndo kind=insert force=false pre=bi=22 path=[2] off=17 | L23:74 [FFT-appe|n|d。] coalesce=true | undo=3 redo=0
[15:43:50.246] [UNDO] commit cursor=bi=22 path=[2] off=18 | L23:75 [FT-appen|d|。]
[15:43:50.259] [UNDO] restoreCursor bi=22 path=[2] off=18
[15:43:50.262] [UNDO] recordGroup kind=insert post=bi=22 path=[2] off=18 | L23:75 [FT-appen|d|i。]
[15:43:50.452] [UNDO] beginUndo kind=insert force=false pre=bi=22 path=[2] off=18 | L23:75 [FT-appen|d|i。] coalesce=true | undo=3 redo=0
[15:43:50.452] [UNDO] commit cursor=bi=22 path=[2] off=19 | L23:76 [T-append|i|。]
[15:43:50.461] [UNDO] restoreCursor bi=22 path=[2] off=19
[15:43:50.466] [UNDO] recordGroup kind=insert post=bi=22 path=[2] off=19 | L23:76 [T-append|i|x。]
[15:43:51.518] [UNDO] beginUndo kind=insert force=false pre=bi=22 path=[2] off=19 | L23:76 [T-append|i|x。] coalesce=true | undo=3 redo=0
[15:43:51.518] [UNDO] commit cursor=bi=22 path=[2] off=20 | L23:77 [-appendi|x|。]
[15:43:51.530] [UNDO] restoreCursor bi=22 path=[2] off=20
[15:43:51.534] [UNDO] recordGroup kind=insert post=bi=22 path=[2] off=20 | L23:77 [-appendi|x|)。]
[15:44:09.377] [UNDO] resetHistory undo=3 redo=0
[15:46:39.528] [UNDO] resetHistory undo=0 redo=0
[15:47:34.264] [UNDO] beginUndo kind=backspace force=false pre=bi=57 path=[2] off=16 | L129:33 [行列式展开验算一|遍|。] coalesce=false | undo=0 redo=0
[15:47:34.264] [UNDO] recordUndo push pre=bi=57 path=[2] off=16 | L129:33 [行列式展开验算一|遍|。] bodyLen=2335 | undo=1 redo=0
[15:47:34.264] [UNDO] commit cursor=bi=57 path=[2] off=15 | L129:32 [值行列式展开验算|一|遍。]
[15:47:34.272] [UNDO] restoreCursor bi=57 path=[2] off=15
[15:47:34.273] [UNDO] recordGroup kind=backspace post=bi=57 path=[2] off=15 | L129:32 [值行列式展开验算|一|遍]
[15:47:34.763] [UNDO] beginUndo kind=backspace force=false pre=bi=57 path=[2] off=15 | L129:32 [值行列式展开验算|一|遍] coalesce=true | undo=1 redo=0
[15:47:34.763] [UNDO] commit cursor=bi=57 path=[2] off=14 | L129:31 [数值行列式展开验|算|一遍]
[15:47:34.770] [UNDO] restoreCursor bi=57 path=[2] off=14
[15:47:34.770] [UNDO] recordGroup kind=backspace post=bi=57 path=[2] off=14 | L129:31 [数值行列式展开验|算|一]
[15:47:34.811] [UNDO] beginUndo kind=backspace force=false pre=bi=57 path=[2] off=14 | L129:31 [数值行列式展开验|算|一] coalesce=true | undo=1 redo=0
[15:47:34.811] [UNDO] commit cursor=bi=57 path=[2] off=13 | L129:30 [整数值行列式展开|验|算一]
[15:47:34.817] [UNDO] restoreCursor bi=57 path=[2] off=13
[15:47:34.818] [UNDO] recordGroup kind=backspace post=bi=57 path=[2] off=13 | L129:30 [整数值行列式展开|验|算]
[15:47:34.842] [UNDO] beginUndo kind=backspace force=false pre=bi=57 path=[2] off=13 | L129:30 [整数值行列式展开|验|算] coalesce=true | undo=1 redo=0
[15:47:34.842] [UNDO] commit cursor=bi=57 path=[2] off=12 | L129:29 [完整数值行列式展|开|验算]
[15:47:34.848] [UNDO] restoreCursor bi=57 path=[2] off=12
[15:47:34.849] [UNDO] recordGroup kind=backspace post=bi=57 path=[2] off=12 | L129:29 [完整数值行列式展|开|验]
[15:47:34.873] [UNDO] beginUndo kind=backspace force=false pre=bi=57 path=[2] off=12 | L129:29 [完整数值行列式展|开|验] coalesce=true | undo=1 redo=0
[15:47:34.873] [UNDO] commit cursor=bi=57 path=[2] off=11 | L129:28 [的完整数值行列式|展|开验]
[15:47:34.879] [UNDO] restoreCursor bi=57 path=[2] off=11
[15:47:34.880] [UNDO] recordGroup kind=backspace post=bi=57 path=[2] off=11 | L129:28 [的完整数值行列式|展|开]
[15:47:34.904] [UNDO] beginUndo kind=backspace force=false pre=bi=57 path=[2] off=11 | L129:28 [的完整数值行列式|展|开] coalesce=true | undo=1 redo=0
[15:47:34.904] [UNDO] commit cursor=bi=57 path=[2] off=10 | L129:27 [ 的完整数值行列|式|展开]
[15:47:34.911] [UNDO] restoreCursor bi=57 path=[2] off=10
[15:47:34.912] [UNDO] recordGroup kind=backspace post=bi=57 path=[2] off=10 | L129:27 [ 的完整数值行列|式|展]
[15:47:34.934] [UNDO] beginUndo kind=backspace force=false pre=bi=57 path=[2] off=10 | L129:27 [ 的完整数值行列|式|展] coalesce=true | undo=1 redo=0
[15:47:34.934] [UNDO] commit cursor=bi=57 path=[2] off=9 | L129:26 [$ 的完整数值行|列|式展]
[15:47:34.941] [UNDO] restoreCursor bi=57 path=[2] off=9
[15:47:34.942] [UNDO] recordGroup kind=backspace post=bi=57 path=[2] off=9 | L129:26 [$ 的完整数值行|列|式]
[15:47:34.964] [UNDO] beginUndo kind=backspace force=false pre=bi=57 path=[2] off=9 | L129:26 [$ 的完整数值行|列|式] coalesce=true | undo=1 redo=0
[15:47:34.964] [UNDO] commit cursor=bi=57 path=[2] off=8 | L129:25 [)$ 的完整数值|行|列式]
[15:47:34.971] [UNDO] restoreCursor bi=57 path=[2] off=8
[15:47:34.972] [UNDO] recordGroup kind=backspace post=bi=57 path=[2] off=8 | L129:25 [)$ 的完整数值|行|列]
[15:47:34.995] [UNDO] beginUndo kind=backspace force=false pre=bi=57 path=[2] off=8 | L129:25 [)$ 的完整数值|行|列] coalesce=true | undo=1 redo=0
[15:47:34.995] [UNDO] commit cursor=bi=57 path=[2] off=7 | L129:24 [3)$ 的完整数|值|行列]
[15:47:35.002] [UNDO] restoreCursor bi=57 path=[2] off=7
[15:47:35.003] [UNDO] recordGroup kind=backspace post=bi=57 path=[2] off=7 | L129:24 [3)$ 的完整数|值|行]
[15:47:35.041] [UNDO] beginUndo kind=backspace force=false pre=bi=57 path=[2] off=7 | L129:24 [3)$ 的完整数|值|行] coalesce=true | undo=1 redo=0
[15:47:35.041] [UNDO] commit cursor=bi=57 path=[2] off=6 | L129:23 [=3)$ 的完整|数|值行]
[15:47:35.047] [UNDO] restoreCursor bi=57 path=[2] off=6
[15:47:35.048] [UNDO] recordGroup kind=backspace post=bi=57 path=[2] off=6 | L129:23 [=3)$ 的完整|数|值]
[15:47:35.071] [UNDO] beginUndo kind=backspace force=false pre=bi=57 path=[2] off=6 | L129:23 [=3)$ 的完整|数|值] coalesce=true | undo=1 redo=0
[15:47:35.071] [UNDO] commit cursor=bi=57 path=[2] off=5 | L129:22 [n=3)$ 的完|整|数值]
[15:47:35.078] [UNDO] restoreCursor bi=57 path=[2] off=5
[15:47:35.079] [UNDO] recordGroup kind=backspace post=bi=57 path=[2] off=5 | L129:22 [n=3)$ 的完|整|数]
[15:47:35.106] [UNDO] beginUndo kind=backspace force=false pre=bi=57 path=[2] off=5 | L129:22 [n=3)$ 的完|整|数] coalesce=true | undo=1 redo=0
[15:47:35.106] [UNDO] commit cursor=bi=57 path=[2] off=4 | L129:21 [(n=3)$ 的|完|整数]
[15:47:35.116] [UNDO] restoreCursor bi=57 path=[2] off=4
[15:47:35.117] [UNDO] recordGroup kind=backspace post=bi=57 path=[2] off=4 | L129:21 [(n=3)$ 的|完|整]
[15:47:35.132] [UNDO] beginUndo kind=backspace force=false pre=bi=57 path=[2] off=4 | L129:21 [(n=3)$ 的|完|整] coalesce=true | undo=1 redo=0
[15:47:35.132] [UNDO] commit cursor=bi=57 path=[2] off=3 | L129:20 [$(n=3)$ |的|完整]
[15:47:35.139] [UNDO] restoreCursor bi=57 path=[2] off=3
[15:47:35.140] [UNDO] recordGroup kind=backspace post=bi=57 path=[2] off=3 | L129:20 [$(n=3)$ |的|完]
[15:47:35.163] [UNDO] beginUndo kind=backspace force=false pre=bi=57 path=[2] off=3 | L129:20 [$(n=3)$ |的|完] coalesce=true | undo=1 redo=0
[15:47:35.163] [UNDO] commit cursor=bi=57 path=[2] off=2 | L129:19 [ $(n=3)$| |的完]
[15:47:35.169] [UNDO] restoreCursor bi=57 path=[2] off=2
[15:47:35.170] [UNDO] recordGroup kind=backspace post=bi=57 path=[2] off=2 | L129:19 [ $(n=3)$| |的]
[15:47:35.194] [UNDO] beginUndo kind=backspace force=false pre=bi=57 path=[2] off=2 | L129:19 [ $(n=3)$| |的] coalesce=true | undo=1 redo=0
[15:47:35.194] [UNDO] commit cursor=bi=57 path=[2] off=1 | L129:18 [写 $(n=3)|$| 的]
[15:47:35.200] [UNDO] restoreCursor bi=57 path=[2] off=1
[15:47:35.201] [UNDO] recordGroup kind=backspace post=bi=57 path=[2] off=1 | L129:18 [写 $(n=3)|$| ]
[15:47:35.226] [UNDO] beginUndo kind=backspace force=false pre=bi=57 path=[2] off=1 | L129:0 [|如|果你需要，我可以] coalesce=true | undo=1 redo=0
[15:47:35.226] [UNDO] commit cursor=bi=57 path=[1] off=0 | L129:13 [，我可以手写 $|(|n=3)$ ]
[15:47:35.232] [UNDO] restoreCursor bi=57 path=[1] off=0
[15:47:35.233] [UNDO] recordGroup kind=backspace post=bi=57 path=[1] off=0 | L129:13 [，我可以手写 $|(|n=3)$]
[15:47:35.271] [UNDO] beginUndo kind=backspace force=false pre=bi=57 path=[0] off=12 | L129:12 [要，我可以手写 |$|(n=3)$] coalesce=false | undo=1 redo=0
[15:47:35.271] [UNDO] recordUndo push pre=bi=57 path=[0] off=12 | L129:12 [要，我可以手写 |$|(n=3)$] bodyLen=2319 | undo=2 redo=0
[15:47:35.271] [UNDO] commit cursor=bi=57 path=[0] off=11 | L129:11 [需要，我可以手写| |$(n=3)$]
[15:47:35.277] [UNDO] restoreCursor bi=57 path=[0] off=11
[15:47:35.278] [UNDO] recordGroup kind=backspace post=bi=57 path=[0] off=11 | L129:11 [需要，我可以手写|$|(n=3)$]
[15:47:35.302] [UNDO] beginUndo kind=backspace force=false pre=bi=57 path=[0] off=11 | L129:11 [需要，我可以手写|$|(n=3)$] coalesce=true | undo=2 redo=0
[15:47:35.302] [UNDO] commit cursor=bi=57 path=[0] off=10 | L129:10 [你需要，我可以手|写|$(n=3)$]
[15:47:35.309] [UNDO] restoreCursor bi=57 path=[0] off=10
[15:47:35.310] [UNDO] recordGroup kind=backspace post=bi=57 path=[0] off=10 | L129:10 [你需要，我可以手|$|(n=3)$]
[15:47:35.333] [UNDO] beginUndo kind=backspace force=false pre=bi=57 path=[0] off=10 | L129:10 [你需要，我可以手|$|(n=3)$] coalesce=true | undo=2 redo=0
[15:47:35.333] [UNDO] commit cursor=bi=57 path=[0] off=9 | L129:9 [果你需要，我可以|手|$(n=3)$]
[15:47:35.339] [UNDO] restoreCursor bi=57 path=[0] off=9
[15:47:35.340] [UNDO] recordGroup kind=backspace post=bi=57 path=[0] off=9 | L129:9 [果你需要，我可以|$|(n=3)$]
[15:47:35.364] [UNDO] beginUndo kind=backspace force=false pre=bi=57 path=[0] off=9 | L129:9 [果你需要，我可以|$|(n=3)$] coalesce=true | undo=2 redo=0
[15:47:35.364] [UNDO] commit cursor=bi=57 path=[0] off=8 | L129:8 [如果你需要，我可|以|$(n=3)$]
[15:47:35.370] [UNDO] restoreCursor bi=57 path=[0] off=8
[15:47:35.371] [UNDO] recordGroup kind=backspace post=bi=57 path=[0] off=8 | L129:8 [如果你需要，我可|$|(n=3)$]
[15:47:35.396] [UNDO] beginUndo kind=backspace force=false pre=bi=57 path=[0] off=8 | L129:8 [如果你需要，我可|$|(n=3)$] coalesce=true | undo=2 redo=0
[15:47:35.396] [UNDO] commit cursor=bi=57 path=[0] off=7 | L129:7 [如果你需要，我|可|$(n=3)$]
[15:47:35.402] [UNDO] restoreCursor bi=57 path=[0] off=7
[15:47:35.403] [UNDO] recordGroup kind=backspace post=bi=57 path=[0] off=7 | L129:7 [如果你需要，我|$|(n=3)$]
[15:47:35.427] [UNDO] beginUndo kind=backspace force=false pre=bi=57 path=[0] off=7 | L129:7 [如果你需要，我|$|(n=3)$] coalesce=true | undo=2 redo=0
[15:47:35.427] [UNDO] commit cursor=bi=57 path=[0] off=6 | L129:6 [如果你需要，|我|$(n=3)$]
[15:47:35.434] [UNDO] restoreCursor bi=57 path=[0] off=6
[15:47:35.435] [UNDO] recordGroup kind=backspace post=bi=57 path=[0] off=6 | L129:6 [如果你需要，|$|(n=3)$]
[15:47:35.458] [UNDO] beginUndo kind=backspace force=false pre=bi=57 path=[0] off=6 | L129:6 [如果你需要，|$|(n=3)$] coalesce=true | undo=2 redo=0
[15:47:35.458] [UNDO] commit cursor=bi=57 path=[0] off=5 | L129:5 [如果你需要|，|$(n=3)$]
[15:47:35.464] [UNDO] restoreCursor bi=57 path=[0] off=5
[15:47:35.465] [UNDO] recordGroup kind=backspace post=bi=57 path=[0] off=5 | L129:5 [如果你需要|$|(n=3)$]
[15:47:35.490] [UNDO] beginUndo kind=backspace force=false pre=bi=57 path=[0] off=5 | L129:5 [如果你需要|$|(n=3)$] coalesce=true | undo=2 redo=0
[15:47:35.490] [UNDO] commit cursor=bi=57 path=[0] off=4 | L129:4 [如果你需|要|$(n=3)$]
[15:47:35.498] [UNDO] restoreCursor bi=57 path=[0] off=4
[15:47:35.499] [UNDO] recordGroup kind=backspace post=bi=57 path=[0] off=4 | L129:4 [如果你需|$|(n=3)$]
[15:47:35.536] [UNDO] beginUndo kind=backspace force=false pre=bi=57 path=[0] off=4 | L129:4 [如果你需|$|(n=3)$] coalesce=true | undo=2 redo=0
[15:47:35.536] [UNDO] commit cursor=bi=57 path=[0] off=3 | L129:3 [如果你|需|$(n=3)$]
[15:47:35.542] [UNDO] restoreCursor bi=57 path=[0] off=3
[15:47:35.543] [UNDO] recordGroup kind=backspace post=bi=57 path=[0] off=3 | L129:3 [如果你|$|(n=3)$]
[15:47:35.567] [UNDO] beginUndo kind=backspace force=false pre=bi=57 path=[0] off=3 | L129:3 [如果你|$|(n=3)$] coalesce=true | undo=2 redo=0
[15:47:35.567] [UNDO] commit cursor=bi=57 path=[0] off=2 | L129:2 [如果|你|$(n=3)$]
[15:47:35.573] [UNDO] restoreCursor bi=57 path=[0] off=2
[15:47:35.574] [UNDO] recordGroup kind=backspace post=bi=57 path=[0] off=2 | L129:2 [如果|$|(n=3)$]
[15:47:35.597] [UNDO] beginUndo kind=backspace force=false pre=bi=57 path=[0] off=2 | L129:2 [如果|$|(n=3)$] coalesce=true | undo=2 redo=0
[15:47:35.597] [UNDO] commit cursor=bi=57 path=[0] off=1 | L129:1 [如|果|$(n=3)$]
[15:47:35.603] [UNDO] restoreCursor bi=57 path=[0] off=1
[15:47:35.604] [UNDO] recordGroup kind=backspace post=bi=57 path=[0] off=1 | L129:1 [如|$|(n=3)$]
[15:47:35.628] [UNDO] beginUndo kind=backspace force=false pre=bi=57 path=[0] off=1 | L129:2 [如$|(|n=3)$] coalesce=true | undo=2 redo=0
[15:47:35.628] [UNDO] commit cursor=bi=57 path=[0] off=0 | L129:1 [如|$|(n=3)$]
[15:47:35.634] [UNDO] restoreCursor bi=57 path=[0] off=0
[15:47:35.636] [UNDO] recordGroup kind=backspace post=bi=57 path=[0] off=0 | L129:1 [$|(|n=3)$]
[15:48:19.871] [UNDO] resetHistory undo=2 redo=0
[15:49:13.945] [UNDO] resetHistory undo=0 redo=0
[15:49:16.937] [UNDO] resetHistory undo=0 redo=0
[15:49:49.820] [UNDO] resetHistory undo=0 redo=0
[15:50:03.271] [UNDO] resetHistory undo=0 redo=0
[15:50:04.739] [UNDO] resetHistory undo=0 redo=0
[15:50:43.868] [UNDO] resetHistory undo=0 redo=0
[15:50:45.321] [UNDO] resetHistory undo=0 redo=0
[15:50:51.031] [UNDO] resetHistory undo=0 redo=0
[15:51:06.775] [UNDO] resetHistory undo=0 redo=0
[15:51:08.846] [UNDO] resetHistory undo=0 redo=0
[15:51:55.212] [UNDO] resetHistory undo=0 redo=0
[15:53:34.061] [UNDO] resetHistory undo=0 redo=0
[15:53:36.150] [UNDO] resetHistory undo=0 redo=0
[16:11:31.330] [UNDO] resetHistory undo=0 redo=0
[16:11:33.804] [UNDO] resetHistory undo=0 redo=0
[16:12:52.525] [UNDO] resetHistory undo=0 redo=0
[16:13:01.690] [UNDO] resetHistory undo=0 redo=0
[16:13:34.784] [UNDO] resetHistory undo=0 redo=0
[16:42:22.696] [UNDO] resetHistory undo=0 redo=0
[16:46:02.030] [UNDO] resetHistory undo=0 redo=0
[16:57:32.973] [UNDO] resetHistory undo=0 redo=0
[16:57:43.099] [UNDO] resetHistory undo=0 redo=0
[16:57:48.948] [UNDO] resetHistory undo=0 redo=0
[16:58:06.785] [UNDO] resetHistory undo=0 redo=0
[16:58:19.336] [UNDO] resetHistory undo=0 redo=0
[16:58:26.209] [UNDO] resetHistory undo=0 redo=0
[17:08:08.994] [UNDO] resetHistory undo=0 redo=0
[17:08:18.720] [UNDO] resetHistory undo=0 redo=0
[17:08:58.949] [UNDO] resetHistory undo=0 redo=0
[17:10:30.387] [UNDO] resetHistory undo=0 redo=0
[17:21:31.039] [UNDO] resetHistory undo=0 redo=0
[17:21:34.063] [UNDO] resetHistory undo=0 redo=0
[17:21:37.288] [UNDO] resetHistory undo=0 redo=0
[17:22:27.623] [UNDO] resetHistory undo=0 redo=0
[17:23:37.678] [UNDO] resetHistory undo=0 redo=0
[19:07:54.135] [UNDO] resetHistory undo=0 redo=0
