[pywebview] Exception occurred during on_script_notify
Traceback (most recent call last):
  File "D:\AAA_Jupyter\Memoria\.venv\Lib\site-packages\webview\platforms\edgechromium.py", line 251, in on_script_notify
    js_bridge_call(self.pywebview_window, func_name, func_param, value_id)
  File "D:\AAA_Jupyter\Memoria\.venv\Lib\site-packages\webview\util.py", line 277, in js_bridge_call
    window.move(*param)
  File "D:\AAA_Jupyter\Memoria\.venv\Lib\site-packages\webview\window.py", line 49, in wrapper
    return function(self, *args, **kwargs)
           ^^^^^^^^^^^^^^^^^^^^^^^^^^^^^^^
  File "D:\AAA_Jupyter\Memoria\.venv\Lib\site-packages\webview\window.py", line 425, in move
    self.gui.move(x, y, self.uid)
  File "D:\AAA_Jupyter\Memoria\.venv\Lib\site-packages\webview\platforms\winforms.py", line 1018, in move
    i.move(x, y)
  File "D:\AAA_Jupyter\Memoria\.venv\Lib\site-packages\webview\platforms\winforms.py", line 635, in move
    windll.user32.SetWindowPos(
ctypes.ArgumentError: argument 5: TypeError: 'NoneType' object cannot be interpreted as an integer
[pywebview] Exception occurred during on_script_notify
Traceback (most recent call last):
  File "D:\AAA_Jupyter\Memoria\.venv\Lib\site-packages\webview\platforms\edgechromium.py", line 251, in on_script_notify
    js_bridge_call(self.pywebview_window, func_name, func_param, value_id)
  File "D:\AAA_Jupyter\Memoria\.venv\Lib\site-packages\webview\util.py", line 277, in js_bridge_call
    window.move(*param)
  File "D:\AAA_Jupyter\Memoria\.venv\Lib\site-packages\webview\window.py", line 49, in wrapper
    return function(self, *args, **kwargs)
           ^^^^^^^^^^^^^^^^^^^^^^^^^^^^^^^
  File "D:\AAA_Jupyter\Memoria\.venv\Lib\site-packages\webview\window.py", line 425, in move
    self.gui.move(x, y, self.uid)
  File "D:\AAA_Jupyter\Memoria\.venv\Lib\site-packages\webview\platforms\winforms.py", line 1018, in move
    i.move(x, y)
  File "D:\AAA_Jupyter\Memoria\.venv\Lib\site-packages\webview\platforms\winforms.py", line 635, in move
    windll.user32.SetWindowPos(
ctypes.ArgumentError: argument 5: TypeError: 'NoneType' object cannot be interpreted as an integer
[pywebview] Exception occurred during on_script_notify
Traceback (most recent call last):
  File "D:\AAA_Jupyter\Memoria\.venv\Lib\site-packages\webview\platforms\edgechromium.py", line 251, in on_script_notify
    js_bridge_call(self.pywebview_window, func_name, func_param, value_id)
  File "D:\AAA_Jupyter\Memoria\.venv\Lib\site-packages\webview\util.py", line 277, in js_bridge_call
    window.move(*param)
  File "D:\AAA_Jupyter\Memoria\.venv\Lib\site-packages\webview\window.py", line 49, in wrapper
    return function(self, *args, **kwargs)
           ^^^^^^^^^^^^^^^^^^^^^^^^^^^^^^^
  File "D:\AAA_Jupyter\Memoria\.venv\Lib\site-packages\webview\window.py", line 425, in move
    self.gui.move(x, y, self.uid)
  File "D:\AAA_Jupyter\Memoria\.venv\Lib\site-packages\webview\platforms\winforms.py", line 1018, in move
    i.move(x, y)
  File "D:\AAA_Jupyter\Memoria\.venv\Lib\site-packages\webview\platforms\winforms.py", line 635, in move
    windll.user32.SetWindowPos(
ctypes.ArgumentError: argument 5: TypeError: 'NoneType' object cannot be interpreted as an integer
[pywebview] Exception occurred during on_script_notify
Traceback (most recent call last):
  File "D:\AAA_Jupyter\Memoria\.venv\Lib\site-packages\webview\platforms\edgechromium.py", line 251, in on_script_notify
    js_bridge_call(self.pywebview_window, func_name, func_param, value_id)
  File "D:\AAA_Jupyter\Memoria\.venv\Lib\site-packages\webview\util.py", line 277, in js_bridge_call
    window.move(*param)
  File "D:\AAA_Jupyter\Memoria\.venv\Lib\site-packages\webview\window.py", line 49, in wrapper
    return function(self, *args, **kwargs)
           ^^^^^^^^^^^^^^^^^^^^^^^^^^^^^^^
  File "D:\AAA_Jupyter\Memoria\.venv\Lib\site-packages\webview\window.py", line 425, in move
    self.gui.move(x, y, self.uid)
  File "D:\AAA_Jupyter\Memoria\.venv\Lib\site-packages\webview\platforms\winforms.py", line 1018, in move
    i.move(x, y)
  File "D:\AAA_Jupyter\Memoria\.venv\Lib\site-packages\webview\platforms\winforms.py", line 635, in move
    windll.user32.SetWindowPos(
ctypes.ArgumentError: argument 5: TypeError: 'NoneType' object cannot be interpreted as an integer
[pywebview] Exception occurred during on_script_notify
Traceback (most recent call last):
  File "D:\AAA_Jupyter\Memoria\.venv\Lib\site-packages\webview\platforms\edgechromium.py", line 251, in on_script_notify
    js_bridge_call(self.pywebview_window, func_name, func_param, value_id)
  File "D:\AAA_Jupyter\Memoria\.venv\Lib\site-packages\webview\util.py", line 277, in js_bridge_call
    window.move(*param)
  File "D:\AAA_Jupyter\Memoria\.venv\Lib\site-packages\webview\window.py", line 49, in wrapper
    return function(self, *args, **kwargs)
           ^^^^^^^^^^^^^^^^^^^^^^^^^^^^^^^
  File "D:\AAA_Jupyter\Memoria\.venv\Lib\site-packages\webview\window.py", line 425, in move
    self.gui.move(x, y, self.uid)
  File "D:\AAA_Jupyter\Memoria\.venv\Lib\site-packages\webview\platforms\winforms.py", line 1018, in move
    i.move(x, y)
  File "D:\AAA_Jupyter\Memoria\.venv\Lib\site-packages\webview\platforms\winforms.py", line 635, in move
    windll.user32.SetWindowPos(
ctypes.ArgumentError: argument 5: TypeError: 'NoneType' object cannot be interpreted as an integer
[pywebview] Exception occurred during on_script_notify
Traceback (most recent call last):
  File "D:\AAA_Jupyter\Memoria\.venv\Lib\site-packages\webview\platforms\edgechromium.py", line 251, in on_script_notify
    js_bridge_call(self.pywebview_window, func_name, func_param, value_id)
  File "D:\AAA_Jupyter\Memoria\.venv\Lib\site-packages\webview\util.py", line 277, in js_bridge_call
    window.move(*param)
  File "D:\AAA_Jupyter\Memoria\.venv\Lib\site-packages\webview\window.py", line 49, in wrapper
    return function(self, *args, **kwargs)
           ^^^^^^^^^^^^^^^^^^^^^^^^^^^^^^^
  File "D:\AAA_Jupyter\Memoria\.venv\Lib\site-packages\webview\window.py", line 425, in move
    self.gui.move(x, y, self.uid)
  File "D:\AAA_Jupyter\Memoria\.venv\Lib\site-packages\webview\platforms\winforms.py", line 1018, in move
    i.move(x, y)
  File "D:\AAA_Jupyter\Memoria\.venv\Lib\site-packages\webview\platforms\winforms.py", line 635, in move
    windll.user32.SetWindowPos(
ctypes.ArgumentError: argument 5: TypeError: 'NoneType' object cannot be interpreted as an integer
[pywebview] Exception occurred during on_script_notify
Traceback (most recent call last):
  File "D:\AAA_Jupyter\Memoria\.venv\Lib\site-packages\webview\platforms\edgechromium.py", line 251, in on_script_notify
    js_bridge_call(self.pywebview_window, func_name, func_param, value_id)
  File "D:\AAA_Jupyter\Memoria\.venv\Lib\site-packages\webview\util.py", line 277, in js_bridge_call
    window.move(*param)
  File "D:\AAA_Jupyter\Memoria\.venv\Lib\site-packages\webview\window.py", line 49, in wrapper
    return function(self, *args, **kwargs)
           ^^^^^^^^^^^^^^^^^^^^^^^^^^^^^^^
  File "D:\AAA_Jupyter\Memoria\.venv\Lib\site-packages\webview\window.py", line 425, in move
    self.gui.move(x, y, self.uid)
  File "D:\AAA_Jupyter\Memoria\.venv\Lib\site-packages\webview\platforms\winforms.py", line 1018, in move
    i.move(x, y)
  File "D:\AAA_Jupyter\Memoria\.venv\Lib\site-packages\webview\platforms\winforms.py", line 635, in move
    windll.user32.SetWindowPos(
ctypes.ArgumentError: argument 5: TypeError: 'NoneType' object cannot be interpreted as an integer
[pywebview] Exception occurred during on_script_notify
Traceback (most recent call last):
  File "D:\AAA_Jupyter\Memoria\.venv\Lib\site-packages\webview\platforms\edgechromium.py", line 251, in on_script_notify
    js_bridge_call(self.pywebview_window, func_name, func_param, value_id)
  File "D:\AAA_Jupyter\Memoria\.venv\Lib\site-packages\webview\util.py", line 277, in js_bridge_call
    window.move(*param)
  File "D:\AAA_Jupyter\Memoria\.venv\Lib\site-packages\webview\window.py", line 49, in wrapper
    return function(self, *args, **kwargs)
           ^^^^^^^^^^^^^^^^^^^^^^^^^^^^^^^
  File "D:\AAA_Jupyter\Memoria\.venv\Lib\site-packages\webview\window.py", line 425, in move
    self.gui.move(x, y, self.uid)
  File "D:\AAA_Jupyter\Memoria\.venv\Lib\site-packages\webview\platforms\winforms.py", line 1018, in move
    i.move(x, y)
  File "D:\AAA_Jupyter\Memoria\.venv\Lib\site-packages\webview\platforms\winforms.py", line 635, in move
    windll.user32.SetWindowPos(
ctypes.ArgumentError: argument 5: TypeError: 'NoneType' object cannot be interpreted as an integer
[pywebview] Exception occurred during on_script_notify
Traceback (most recent call last):
  File "D:\AAA_Jupyter\Memoria\.venv\Lib\site-packages\webview\platforms\edgechromium.py", line 251, in on_script_notify
    js_bridge_call(self.pywebview_window, func_name, func_param, value_id)
  File "D:\AAA_Jupyter\Memoria\.venv\Lib\site-packages\webview\util.py", line 277, in js_bridge_call
    window.move(*param)
  File "D:\AAA_Jupyter\Memoria\.venv\Lib\site-packages\webview\window.py", line 49, in wrapper
    return function(self, *args, **kwargs)
           ^^^^^^^^^^^^^^^^^^^^^^^^^^^^^^^
  File "D:\AAA_Jupyter\Memoria\.venv\Lib\site-packages\webview\window.py", line 425, in move
    self.gui.move(x, y, self.uid)
  File "D:\AAA_Jupyter\Memoria\.venv\Lib\site-packages\webview\platforms\winforms.py", line 1018, in move
    i.move(x, y)
  File "D:\AAA_Jupyter\Memoria\.venv\Lib\site-packages\webview\platforms\winforms.py", line 635, in move
    windll.user32.SetWindowPos(
ctypes.ArgumentError: argument 5: TypeError: 'NoneType' object cannot be interpreted as an integer
[pywebview] Exception occurred during on_script_notify
Traceback (most recent call last):
  File "D:\AAA_Jupyter\Memoria\.venv\Lib\site-packages\webview\platforms\edgechromium.py", line 251, in on_script_notify
    js_bridge_call(self.pywebview_window, func_name, func_param, value_id)
  File "D:\AAA_Jupyter\Memoria\.venv\Lib\site-packages\webview\util.py", line 277, in js_bridge_call
    window.move(*param)
  File "D:\AAA_Jupyter\Memoria\.venv\Lib\site-packages\webview\window.py", line 49, in wrapper
    return function(self, *args, **kwargs)
           ^^^^^^^^^^^^^^^^^^^^^^^^^^^^^^^
  File "D:\AAA_Jupyter\Memoria\.venv\Lib\site-packages\webview\window.py", line 425, in move
    self.gui.move(x, y, self.uid)
  File "D:\AAA_Jupyter\Memoria\.venv\Lib\site-packages\webview\platforms\winforms.py", line 1018, in move
    i.move(x, y)
  File "D:\AAA_Jupyter\Memoria\.venv\Lib\site-packages\webview\platforms\winforms.py", line 635, in move
    windll.user32.SetWindowPos(
ctypes.ArgumentError: argument 5: TypeError: 'NoneType' object cannot be interpreted as an integer
[pywebview] Exception occurred during on_script_notify
Traceback (most recent call last):
  File "D:\AAA_Jupyter\Memoria\.venv\Lib\site-packages\webview\platforms\edgechromium.py", line 251, in on_script_notify
    js_bridge_call(self.pywebview_window, func_name, func_param, value_id)
  File "D:\AAA_Jupyter\Memoria\.venv\Lib\site-packages\webview\util.py", line 277, in js_bridge_call
    window.move(*param)
  File "D:\AAA_Jupyter\Memoria\.venv\Lib\site-packages\webview\window.py", line 49, in wrapper
    return function(self, *args, **kwargs)
           ^^^^^^^^^^^^^^^^^^^^^^^^^^^^^^^
  File "D:\AAA_Jupyter\Memoria\.venv\Lib\site-packages\webview\window.py", line 425, in move
    self.gui.move(x, y, self.uid)
  File "D:\AAA_Jupyter\Memoria\.venv\Lib\site-packages\webview\platforms\winforms.py", line 1018, in move
    i.move(x, y)
  File "D:\AAA_Jupyter\Memoria\.venv\Lib\site-packages\webview\platforms\winforms.py", line 635, in move
    windll.user32.SetWindowPos(
ctypes.ArgumentError: argument 5: TypeError: 'NoneType' object cannot be interpreted as an integer
[pywebview] Exception occurred during on_script_notify
Traceback (most recent call last):
  File "D:\AAA_Jupyter\Memoria\.venv\Lib\site-packages\webview\platforms\edgechromium.py", line 251, in on_script_notify
    js_bridge_call(self.pywebview_window, func_name, func_param, value_id)
  File "D:\AAA_Jupyter\Memoria\.venv\Lib\site-packages\webview\util.py", line 277, in js_bridge_call
    window.move(*param)
  File "D:\AAA_Jupyter\Memoria\.venv\Lib\site-packages\webview\window.py", line 49, in wrapper
    return function(self, *args, **kwargs)
           ^^^^^^^^^^^^^^^^^^^^^^^^^^^^^^^
  File "D:\AAA_Jupyter\Memoria\.venv\Lib\site-packages\webview\window.py", line 425, in move
    self.gui.move(x, y, self.uid)
  File "D:\AAA_Jupyter\Memoria\.venv\Lib\site-packages\webview\platforms\winforms.py", line 1018, in move
    i.move(x, y)
  File "D:\AAA_Jupyter\Memoria\.venv\Lib\site-packages\webview\platforms\winforms.py", line 635, in move
    windll.user32.SetWindowPos(
ctypes.ArgumentError: argument 5: TypeError: 'NoneType' object cannot be interpreted as an integer
[pywebview] Exception occurred during on_script_notify
Traceback (most recent call last):
  File "D:\AAA_Jupyter\Memoria\.venv\Lib\site-packages\webview\platforms\edgechromium.py", line 251, in on_script_notify
    js_bridge_call(self.pywebview_window, func_name, func_param, value_id)
  File "D:\AAA_Jupyter\Memoria\.venv\Lib\site-packages\webview\util.py", line 277, in js_bridge_call
    window.move(*param)
  File "D:\AAA_Jupyter\Memoria\.venv\Lib\site-packages\webview\window.py", line 49, in wrapper
    return function(self, *args, **kwargs)
           ^^^^^^^^^^^^^^^^^^^^^^^^^^^^^^^
  File "D:\AAA_Jupyter\Memoria\.venv\Lib\site-packages\webview\window.py", line 425, in move
    self.gui.move(x, y, self.uid)
  File "D:\AAA_Jupyter\Memoria\.venv\Lib\site-packages\webview\platforms\winforms.py", line 1018, in move
    i.move(x, y)
  File "D:\AAA_Jupyter\Memoria\.venv\Lib\site-packages\webview\platforms\winforms.py", line 635, in move
    windll.user32.SetWindowPos(
ctypes.ArgumentError: argument 5: TypeError: 'NoneType' object cannot be interpreted as an integer
[pywebview] Exception occurred during on_script_notify
Traceback (most recent call last):
  File "D:\AAA_Jupyter\Memoria\.venv\Lib\site-packages\webview\platforms\edgechromium.py", line 251, in on_script_notify
    js_bridge_call(self.pywebview_window, func_name, func_param, value_id)
  File "D:\AAA_Jupyter\Memoria\.venv\Lib\site-packages\webview\util.py", line 277, in js_bridge_call
    window.move(*param)
  File "D:\AAA_Jupyter\Memoria\.venv\Lib\site-packages\webview\window.py", line 49, in wrapper
    return function(self, *args, **kwargs)
           ^^^^^^^^^^^^^^^^^^^^^^^^^^^^^^^
  File "D:\AAA_Jupyter\Memoria\.venv\Lib\site-packages\webview\window.py", line 425, in move
    self.gui.move(x, y, self.uid)
  File "D:\AAA_Jupyter\Memoria\.venv\Lib\site-packages\webview\platforms\winforms.py", line 1018, in move
    i.move(x, y)
  File "D:\AAA_Jupyter\Memoria\.venv\Lib\site-packages\webview\platforms\winforms.py", line 635, in move
    windll.user32.SetWindowPos(
ctypes.ArgumentError: argument 5: TypeError: 'NoneType' object cannot be interpreted as an integer
[pywebview] Exception occurred during on_script_notify
Traceback (most recent call last):
  File "D:\AAA_Jupyter\Memoria\.venv\Lib\site-packages\webview\platforms\edgechromium.py", line 251, in on_script_notify
    js_bridge_call(self.pywebview_window, func_name, func_param, value_id)
  File "D:\AAA_Jupyter\Memoria\.venv\Lib\site-packages\webview\util.py", line 277, in js_bridge_call
    window.move(*param)
  File "D:\AAA_Jupyter\Memoria\.venv\Lib\site-packages\webview\window.py", line 49, in wrapper
    return function(self, *args, **kwargs)
           ^^^^^^^^^^^^^^^^^^^^^^^^^^^^^^^
  File "D:\AAA_Jupyter\Memoria\.venv\Lib\site-packages\webview\window.py", line 425, in move
    self.gui.move(x, y, self.uid)
  File "D:\AAA_Jupyter\Memoria\.venv\Lib\site-packages\webview\platforms\winforms.py", line 1018, in move
    i.move(x, y)
  File "D:\AAA_Jupyter\Memoria\.venv\Lib\site-packages\webview\platforms\winforms.py", line 635, in move
    windll.user32.SetWindowPos(
ctypes.ArgumentError: argument 5: TypeError: 'NoneType' object cannot be interpreted as an integer
[pywebview] Exception occurred during on_script_notify
Traceback (most recent call last):
  File "D:\AAA_Jupyter\Memoria\.venv\Lib\site-packages\webview\platforms\edgechromium.py", line 251, in on_script_notify
    js_bridge_call(self.pywebview_window, func_name, func_param, value_id)
  File "D:\AAA_Jupyter\Memoria\.venv\Lib\site-packages\webview\util.py", line 277, in js_bridge_call
    window.move(*param)
  File "D:\AAA_Jupyter\Memoria\.venv\Lib\site-packages\webview\window.py", line 49, in wrapper
    return function(self, *args, **kwargs)
           ^^^^^^^^^^^^^^^^^^^^^^^^^^^^^^^
  File "D:\AAA_Jupyter\Memoria\.venv\Lib\site-packages\webview\window.py", line 425, in move
    self.gui.move(x, y, self.uid)
  File "D:\AAA_Jupyter\Memoria\.venv\Lib\site-packages\webview\platforms\winforms.py", line 1018, in move
    i.move(x, y)
  File "D:\AAA_Jupyter\Memoria\.venv\Lib\site-packages\webview\platforms\winforms.py", line 635, in move
    windll.user32.SetWindowPos(
ctypes.ArgumentError: argument 5: TypeError: 'NoneType' object cannot be interpreted as an integer
[pywebview] Exception occurred during on_script_notify
Traceback (most recent call last):
  File "D:\AAA_Jupyter\Memoria\.venv\Lib\site-packages\webview\platforms\edgechromium.py", line 251, in on_script_notify
    js_bridge_call(self.pywebview_window, func_name, func_param, value_id)
  File "D:\AAA_Jupyter\Memoria\.venv\Lib\site-packages\webview\util.py", line 277, in js_bridge_call
    window.move(*param)
  File "D:\AAA_Jupyter\Memoria\.venv\Lib\site-packages\webview\window.py", line 49, in wrapper
    return function(self, *args, **kwargs)
           ^^^^^^^^^^^^^^^^^^^^^^^^^^^^^^^
  File "D:\AAA_Jupyter\Memoria\.venv\Lib\site-packages\webview\window.py", line 425, in move
    self.gui.move(x, y, self.uid)
  File "D:\AAA_Jupyter\Memoria\.venv\Lib\site-packages\webview\platforms\winforms.py", line 1018, in move
    i.move(x, y)
  File "D:\AAA_Jupyter\Memoria\.venv\Lib\site-packages\webview\platforms\winforms.py", line 635, in move
    windll.user32.SetWindowPos(
ctypes.ArgumentError: argument 5: TypeError: 'NoneType' object cannot be interpreted as an integer
[pywebview] Exception occurred during on_script_notify
Traceback (most recent call last):
  File "D:\AAA_Jupyter\Memoria\.venv\Lib\site-packages\webview\platforms\edgechromium.py", line 251, in on_script_notify
    js_bridge_call(self.pywebview_window, func_name, func_param, value_id)
  File "D:\AAA_Jupyter\Memoria\.venv\Lib\site-packages\webview\util.py", line 277, in js_bridge_call
    window.move(*param)
  File "D:\AAA_Jupyter\Memoria\.venv\Lib\site-packages\webview\window.py", line 49, in wrapper
    return function(self, *args, **kwargs)
           ^^^^^^^^^^^^^^^^^^^^^^^^^^^^^^^
  File "D:\AAA_Jupyter\Memoria\.venv\Lib\site-packages\webview\window.py", line 425, in move
    self.gui.move(x, y, self.uid)
  File "D:\AAA_Jupyter\Memoria\.venv\Lib\site-packages\webview\platforms\winforms.py", line 1018, in move
    i.move(x, y)
  File "D:\AAA_Jupyter\Memoria\.venv\Lib\site-packages\webview\platforms\winforms.py", line 635, in move
    windll.user32.SetWindowPos(
ctypes.ArgumentError: argument 5: TypeError: 'NoneType' object cannot be interpreted as an integer
[pywebview] Exception occurred during on_script_notify
Traceback (most recent call last):
  File "D:\AAA_Jupyter\Memoria\.venv\Lib\site-packages\webview\platforms\edgechromium.py", line 251, in on_script_notify
    js_bridge_call(self.pywebview_window, func_name, func_param, value_id)
  File "D:\AAA_Jupyter\Memoria\.venv\Lib\site-packages\webview\util.py", line 277, in js_bridge_call
    window.move(*param)
  File "D:\AAA_Jupyter\Memoria\.venv\Lib\site-packages\webview\window.py", line 49, in wrapper
    return function(self, *args, **kwargs)
           ^^^^^^^^^^^^^^^^^^^^^^^^^^^^^^^
  File "D:\AAA_Jupyter\Memoria\.venv\Lib\site-packages\webview\window.py", line 425, in move
    self.gui.move(x, y, self.uid)
  File "D:\AAA_Jupyter\Memoria\.venv\Lib\site-packages\webview\platforms\winforms.py", line 1018, in move
    i.move(x, y)
  File "D:\AAA_Jupyter\Memoria\.venv\Lib\site-packages\webview\platforms\winforms.py", line 635, in move
    windll.user32.SetWindowPos(
ctypes.ArgumentError: argument 5: TypeError: 'NoneType' object cannot be interpreted as an integer
[pywebview] Exception occurred during on_script_notify
Traceback (most recent call last):
  File "D:\AAA_Jupyter\Memoria\.venv\Lib\site-packages\webview\platforms\edgechromium.py", line 251, in on_script_notify
    js_bridge_call(self.pywebview_window, func_name, func_param, value_id)
  File "D:\AAA_Jupyter\Memoria\.venv\Lib\site-packages\webview\util.py", line 277, in js_bridge_call
    window.move(*param)
  File "D:\AAA_Jupyter\Memoria\.venv\Lib\site-packages\webview\window.py", line 49, in wrapper
    return function(self, *args, **kwargs)
           ^^^^^^^^^^^^^^^^^^^^^^^^^^^^^^^
  File "D:\AAA_Jupyter\Memoria\.venv\Lib\site-packages\webview\window.py", line 425, in move
    self.gui.move(x, y, self.uid)
  File "D:\AAA_Jupyter\Memoria\.venv\Lib\site-packages\webview\platforms\winforms.py", line 1018, in move
    i.move(x, y)
  File "D:\AAA_Jupyter\Memoria\.venv\Lib\site-packages\webview\platforms\winforms.py", line 635, in move
    windll.user32.SetWindowPos(
ctypes.ArgumentError: argument 5: TypeError: 'NoneType' object cannot be interpreted as an integer
[pywebview] Exception occurred during on_script_notify
Traceback (most recent call last):
  File "D:\AAA_Jupyter\Memoria\.venv\Lib\site-packages\webview\platforms\edgechromium.py", line 251, in on_script_notify
    js_bridge_call(self.pywebview_window, func_name, func_param, value_id)
  File "D:\AAA_Jupyter\Memoria\.venv\Lib\site-packages\webview\util.py", line 277, in js_bridge_call
    window.move(*param)
  File "D:\AAA_Jupyter\Memoria\.venv\Lib\site-packages\webview\window.py", line 49, in wrapper
    return function(self, *args, **kwargs)
           ^^^^^^^^^^^^^^^^^^^^^^^^^^^^^^^
  File "D:\AAA_Jupyter\Memoria\.venv\Lib\site-packages\webview\window.py", line 425, in move
    self.gui.move(x, y, self.uid)
  File "D:\AAA_Jupyter\Memoria\.venv\Lib\site-packages\webview\platforms\winforms.py", line 1018, in move
    i.move(x, y)
  File "D:\AAA_Jupyter\Memoria\.venv\Lib\site-packages\webview\platforms\winforms.py", line 635, in move
    windll.user32.SetWindowPos(
ctypes.ArgumentError: argument 5: TypeError: 'NoneType' object cannot be interpreted as an integer
[pywebview] Exception occurred during on_script_notify
Traceback (most recent call last):
  File "D:\AAA_Jupyter\Memoria\.venv\Lib\site-packages\webview\platforms\edgechromium.py", line 251, in on_script_notify
    js_bridge_call(self.pywebview_window, func_name, func_param, value_id)
  File "D:\AAA_Jupyter\Memoria\.venv\Lib\site-packages\webview\util.py", line 277, in js_bridge_call
    window.move(*param)
  File "D:\AAA_Jupyter\Memoria\.venv\Lib\site-packages\webview\window.py", line 49, in wrapper
    return function(self, *args, **kwargs)
           ^^^^^^^^^^^^^^^^^^^^^^^^^^^^^^^
  File "D:\AAA_Jupyter\Memoria\.venv\Lib\site-packages\webview\window.py", line 425, in move
    self.gui.move(x, y, self.uid)
  File "D:\AAA_Jupyter\Memoria\.venv\Lib\site-packages\webview\platforms\winforms.py", line 1018, in move
    i.move(x, y)
  File "D:\AAA_Jupyter\Memoria\.venv\Lib\site-packages\webview\platforms\winforms.py", line 635, in move
    windll.user32.SetWindowPos(
ctypes.ArgumentError: argument 5: TypeError: 'NoneType' object cannot be interpreted as an integer
[pywebview] Exception occurred during on_script_notify
Traceback (most recent call last):
  File "D:\AAA_Jupyter\Memoria\.venv\Lib\site-packages\webview\platforms\edgechromium.py", line 251, in on_script_notify
    js_bridge_call(self.pywebview_window, func_name, func_param, value_id)
  File "D:\AAA_Jupyter\Memoria\.venv\Lib\site-packages\webview\util.py", line 277, in js_bridge_call
    window.move(*param)
  File "D:\AAA_Jupyter\Memoria\.venv\Lib\site-packages\webview\window.py", line 49, in wrapper
    return function(self, *args, **kwargs)
           ^^^^^^^^^^^^^^^^^^^^^^^^^^^^^^^
  File "D:\AAA_Jupyter\Memoria\.venv\Lib\site-packages\webview\window.py", line 425, in move
    self.gui.move(x, y, self.uid)
  File "D:\AAA_Jupyter\Memoria\.venv\Lib\site-packages\webview\platforms\winforms.py", line 1018, in move
    i.move(x, y)
  File "D:\AAA_Jupyter\Memoria\.venv\Lib\site-packages\webview\platforms\winforms.py", line 635, in move
    windll.user32.SetWindowPos(
ctypes.ArgumentError: argument 5: TypeError: 'NoneType' object cannot be interpreted as an integer
[pywebview] Exception occurred during on_script_notify
Traceback (most recent call last):
  File "D:\AAA_Jupyter\Memoria\.venv\Lib\site-packages\webview\platforms\edgechromium.py", line 251, in on_script_notify
    js_bridge_call(self.pywebview_window, func_name, func_param, value_id)
  File "D:\AAA_Jupyter\Memoria\.venv\Lib\site-packages\webview\util.py", line 277, in js_bridge_call
    window.move(*param)
  File "D:\AAA_Jupyter\Memoria\.venv\Lib\site-packages\webview\window.py", line 49, in wrapper
    return function(self, *args, **kwargs)
           ^^^^^^^^^^^^^^^^^^^^^^^^^^^^^^^
  File "D:\AAA_Jupyter\Memoria\.venv\Lib\site-packages\webview\window.py", line 425, in move
    self.gui.move(x, y, self.uid)
  File "D:\AAA_Jupyter\Memoria\.venv\Lib\site-packages\webview\platforms\winforms.py", line 1018, in move
    i.move(x, y)
  File "D:\AAA_Jupyter\Memoria\.venv\Lib\site-packages\webview\platforms\winforms.py", line 635, in move
    windll.user32.SetWindowPos(
ctypes.ArgumentError: argument 5: TypeError: 'NoneType' object cannot be interpreted as an integer
[pywebview] Exception occurred during on_script_notify
Traceback (most recent call last):
  File "D:\AAA_Jupyter\Memoria\.venv\Lib\site-packages\webview\platforms\edgechromium.py", line 251, in on_script_notify
    js_bridge_call(self.pywebview_window, func_name, func_param, value_id)
  File "D:\AAA_Jupyter\Memoria\.venv\Lib\site-packages\webview\util.py", line 277, in js_bridge_call
    window.move(*param)
  File "D:\AAA_Jupyter\Memoria\.venv\Lib\site-packages\webview\window.py", line 49, in wrapper
    return function(self, *args, **kwargs)
           ^^^^^^^^^^^^^^^^^^^^^^^^^^^^^^^
  File "D:\AAA_Jupyter\Memoria\.venv\Lib\site-packages\webview\window.py", line 425, in move
    self.gui.move(x, y, self.uid)
  File "D:\AAA_Jupyter\Memoria\.venv\Lib\site-packages\webview\platforms\winforms.py", line 1018, in move
    i.move(x, y)
  File "D:\AAA_Jupyter\Memoria\.venv\Lib\site-packages\webview\platforms\winforms.py", line 635, in move
    windll.user32.SetWindowPos(
ctypes.ArgumentError: argument 5: TypeError: 'NoneType' object cannot be interpreted as an integer
